******************************************************************************
                  TI ARM Linker PC v20.2.7                     
******************************************************************************
>> Linked Tue Mar 31 22:52:49 2026

OUTPUT FILE NAME:   <Embedded II RC Car.out>
ENTRY POINT SYMBOL: "_c_int00_noargs"  address: 00000a69


MEMORY CONFIGURATION

         name            origin    length      used     unused   attr    fill
----------------------  --------  ---------  --------  --------  ----  --------
  FLASH                 00000000   00040000  00000b0b  0003f4f5  R  X
  SRAM                  20000000   00008000  00000205  00007dfb  RW X


SEGMENT ALLOCATION MAP

run origin  load origin   length   init length attrs members
----------  ----------- ---------- ----------- ----- -------
00000000    00000000    00000b10   00000b10    r-x
  00000000    00000000    0000026c   0000026c    r-- .intvecs
  0000026c    0000026c    00000876   00000876    r-x .text
  00000ae2    00000ae2    00000011   00000011    r-- .const
  00000af8    00000af8    00000018   00000018    r-- .cinit
20000000    20000000    00000205   00000000    rw-
  20000000    20000000    00000200   00000000    rw- .stack
  20000200    20000200    00000005   00000000    rw- .data


SECTION ALLOCATION MAP

 output                                  attributes/
section   page    origin      length       input sections
--------  ----  ----------  ----------   ----------------
.intvecs   0    00000000    0000026c     
                  00000000    0000026c     tm4c123gh6pm_startup_ccs.obj (.intvecs)

.text      0    0000026c    00000876     
                  0000026c    00000340     uart0.obj (.text)
                  000005ac    0000015c     main.obj (.text)
                  00000708    00000138     PWM.obj (.text)
                  00000840    000000e0     ADC.obj (.text)
                  00000920    0000009c     rtsv7M4_T_le_v4SPD16_eabi.lib : memcpy_t2.asm.obj (.text)
                  000009bc    00000068                                   : copy_decompress_lzss.c.obj (.text:decompress:lzss:__TI_decompress_lzss)
                  00000a24    00000044                                   : autoinit.c.obj (.text:__TI_auto_init_nobinit_nopinit:__TI_auto_init_nobinit_nopinit)
                  00000a68    00000034                                   : boot_cortex_m.c.obj (.text:_c_int00_noargs:_c_int00_noargs)
                  00000a9c    00000024     clock80.obj (.text)
                  00000ac0    0000000e     rtsv7M4_T_le_v4SPD16_eabi.lib : copy_decompress_none.c.obj (.text:decompress:none:__TI_decompress_none)
                  00000ace    0000000c     tm4c123gh6pm_startup_ccs.obj (.text)
                  00000ada    00000004     rtsv7M4_T_le_v4SPD16_eabi.lib : pre_init.c.obj (.text:_system_pre_init)
                  00000ade    00000004                                   : exit.c.obj (.text:abort:abort)

.const     0    00000ae2    00000011     
                  00000ae2    00000011     uart0.obj (.const:.string:$P$T0$1)

.cinit     0    00000af8    00000018     
                  00000af8    00000008     (__TI_handler_table)
                  00000b00    00000007     (.cinit..data.load) [load image, compression = lzss]
                  00000b07    00000001     --HOLE-- [fill = 0]
                  00000b08    00000008     (__TI_cinit_table)

.init_array 
*          0    00000000    00000000     UNINITIALIZED

.data      0    20000200    00000005     UNINITIALIZED
                  20000200    00000005     PWM.obj (.data)

.stack     0    20000000    00000200     UNINITIALIZED
                  20000000    00000004     rtsv7M4_T_le_v4SPD16_eabi.lib : boot_cortex_m.c.obj (.stack)
                  20000004    000001fc     --HOLE--

__llvm_prf_cnts 
*          0    20000000    00000000     UNINITIALIZED

MODULE SUMMARY

       Module                         code   ro data   rw data
       ------                         ----   -------   -------
    .\
       uart0.obj                      832    17        0      
       tm4c123gh6pm_startup_ccs.obj   12     620       0      
       main.obj                       348    0         0      
       PWM.obj                        312    0         5      
       ADC.obj                        224    0         0      
       clock80.obj                    36     0         0      
    +--+------------------------------+------+---------+---------+
       Total:                         1764   637       5      
                                                              
    C:\ti\ccs1281\ccs\tools\compiler\ti-cgt-arm_20.2.7.LTS\lib\rtsv7M4_T_le_v4SPD16_eabi.lib
       memcpy_t2.asm.obj              156    0         0      
       copy_decompress_lzss.c.obj     104    0         0      
       autoinit.c.obj                 68     0         0      
       boot_cortex_m.c.obj            52     0         0      
       copy_decompress_none.c.obj     14     0         0      
       exit.c.obj                     4      0         0      
       pre_init.c.obj                 4      0         0      
    +--+------------------------------+------+---------+---------+
       Total:                         402    0         0      
                                                              
       Stack:                         0      0         512    
       Linker Generated:              0      23        0      
    +--+------------------------------+------+---------+---------+
       Grand Total:                   2166   660       517    


LINKER GENERATED COPY TABLES

__TI_cinit_table @ 00000b08 records: 1, size/record: 8, table size: 8
	.data: load addr=00000b00, load size=00000007 bytes, run addr=20000200, run size=00000005 bytes, compression=lzss


LINKER GENERATED HANDLER TABLE

__TI_handler_table @ 00000af8 records: 2, size/record: 4, table size: 8
	index: 0, handler: __TI_decompress_lzss
	index: 1, handler: __TI_decompress_none


GLOBAL SYMBOLS: SORTED ALPHABETICALLY BY Name 

address   name                          
-------   ----                          
00000adf  C$$EXIT                       
00000acf  ResetISR                      
20000200  __STACK_END                   
00000200  __STACK_SIZE                  
20000200  __STACK_TOP                   
00000b08  __TI_CINIT_Base               
00000b10  __TI_CINIT_Limit              
00000af8  __TI_Handler_Table_Base       
00000b00  __TI_Handler_Table_Limit      
00000a25  __TI_auto_init_nobinit_nopinit
000009bd  __TI_decompress_lzss          
00000ac1  __TI_decompress_none          
ffffffff  __TI_pprof_out_hndl           
ffffffff  __TI_prof_data_size           
ffffffff  __TI_prof_data_start          
00000000  __TI_static_base__            
00000921  __aeabi_memcpy                
00000921  __aeabi_memcpy4               
00000921  __aeabi_memcpy8               
ffffffff  __binit__                     
ffffffff  __c_args__                    
UNDEFED   __mpu_init                    
20000000  __stack                       
20000000  __start___llvm_prf_cnts       
20000000  __stop___llvm_prf_cnts        
00000a69  _c_int00_noargs               
UNDEFED   _system_post_cinit            
00000adb  _system_pre_init              
00000adf  abort                         
000005cf  applyDeadband                 
ffffffff  binit                         
00000000  g_pfnVectors                  
000007e7  getPWM0Duty                   
0000036d  getcUart0                     
00000841  initADC                       
00000629  initGPIO                      
00000663  initHardware                  
00000709  initPWM0                      
00000a9d  initSystemClockTo40Mhz        
00000aa5  initSystemClockTo80Mhz        
0000026d  initUart0                     
00000381  kbhitUart0                    
00000685  main                          
000005ad  mapJoystick                   
00000921  memcpy                        
00000325  putcUart0                     
00000401  putfloatUart0                 
00000509  puthex8Uart0                  
00000541  puthexArrayUart0              
0000039b  putintUart0                   
00000341  putsUart0                     
000008af  readADC                       
000005f9  readControllerInputs          
000007f7  setMotorSpeed                 
000007a3  setPWM0Duty                   
000002e1  setUart0BaudRate              
000007ed  stopPWM0                      


GLOBAL SYMBOLS: SORTED BY Symbol Address 

address   name                          
-------   ----                          
00000000  __TI_static_base__            
00000000  g_pfnVectors                  
00000200  __STACK_SIZE                  
0000026d  initUart0                     
000002e1  setUart0BaudRate              
00000325  putcUart0                     
00000341  putsUart0                     
0000036d  getcUart0                     
00000381  kbhitUart0                    
0000039b  putintUart0                   
00000401  putfloatUart0                 
00000509  puthex8Uart0                  
00000541  puthexArrayUart0              
000005ad  mapJoystick                   
000005cf  applyDeadband                 
000005f9  readControllerInputs          
00000629  initGPIO                      
00000663  initHardware                  
00000685  main                          
00000709  initPWM0                      
000007a3  setPWM0Duty                   
000007e7  getPWM0Duty                   
000007ed  stopPWM0                      
000007f7  setMotorSpeed                 
00000841  initADC                       
000008af  readADC                       
00000921  __aeabi_memcpy                
00000921  __aeabi_memcpy4               
00000921  __aeabi_memcpy8               
00000921  memcpy                        
000009bd  __TI_decompress_lzss          
00000a25  __TI_auto_init_nobinit_nopinit
00000a69  _c_int00_noargs               
00000a9d  initSystemClockTo40Mhz        
00000aa5  initSystemClockTo80Mhz        
00000ac1  __TI_decompress_none          
00000acf  ResetISR                      
00000adb  _system_pre_init              
00000adf  C$$EXIT                       
00000adf  abort                         
00000af8  __TI_Handler_Table_Base       
00000b00  __TI_Handler_Table_Limit      
00000b08  __TI_CINIT_Base               
00000b10  __TI_CINIT_Limit              
20000000  __stack                       
20000000  __start___llvm_prf_cnts       
20000000  __stop___llvm_prf_cnts        
20000200  __STACK_END                   
20000200  __STACK_TOP                   
ffffffff  __TI_pprof_out_hndl           
ffffffff  __TI_prof_data_size           
ffffffff  __TI_prof_data_start          
ffffffff  __binit__                     
ffffffff  __c_args__                    
ffffffff  binit                         
UNDEFED   __mpu_init                    
UNDEFED   _system_post_cinit            

[57 symbols]
