******************************************************************************
                  TI ARM Linker PC v20.2.7                     
******************************************************************************
>> Linked Tue Mar 17 14:19:04 2026

OUTPUT FILE NAME:   <Embedded II RC Car.out>
ENTRY POINT SYMBOL: "_c_int00_noargs"  address: 00000e01


MEMORY CONFIGURATION

         name            origin    length      used     unused   attr    fill
----------------------  --------  ---------  --------  --------  ----  --------
  FLASH                 00000000   00040000  00000fbc  0003f044  R  X
  SRAM                  20000000   00008000  00000205  00007dfb  RW X


SEGMENT ALLOCATION MAP

run origin  load origin   length   init length attrs members
----------  ----------- ---------- ----------- ----- -------
00000000    00000000    00000fc0   00000fc0    r-x
  00000000    00000000    0000026c   0000026c    r-- .intvecs
  0000026c    0000026c    00000c26   00000c26    r-x .text
  00000e92    00000e92    00000112   00000112    r-- .const
  00000fa8    00000fa8    00000018   00000018    r-- .cinit
20000000    20000000    00000205   00000000    rw-
  20000000    20000000    00000200   00000000    rw- .stack
  20000200    20000200    00000005   00000000    rw- .data


SECTION ALLOCATION MAP

 output                                  attributes/
section   page    origin      length       input sections
--------  ----  ----------  ----------   ----------------
.intvecs   0    00000000    0000026c     
                  00000000    0000026c     tm4c123gh6pm_startup_ccs.obj (.intvecs)

.text      0    0000026c    00000c26     
                  0000026c    00000498     CTI.obj (.text)
                  00000704    00000340     uart0.obj (.text)
                  00000a44    00000138     PWM.obj (.text)
                  00000b7c    000000f0     main.obj (.text)
                  00000c6c    0000009c     rtsv7M4_T_le_v4SPD16_eabi.lib : memcpy_t2.asm.obj (.text)
                  00000d08    00000068                                   : copy_decompress_lzss.c.obj (.text:decompress:lzss:__TI_decompress_lzss)
                  00000d70    0000004c                                   : atoi.c.obj (.text:atoi)
                  00000dbc    00000044                                   : autoinit.c.obj (.text:__TI_auto_init_nobinit_nopinit:__TI_auto_init_nobinit_nopinit)
                  00000e00    00000034                                   : boot_cortex_m.c.obj (.text:_c_int00_noargs:_c_int00_noargs)
                  00000e34    00000024     clock80.obj (.text)
                  00000e58    00000018     rtsv7M4_T_le_v4SPD16_eabi.lib : strcmp.c.obj (.text:strcmp)
                  00000e70    0000000e                                   : copy_decompress_none.c.obj (.text:decompress:none:__TI_decompress_none)
                  00000e7e    0000000c     tm4c123gh6pm_startup_ccs.obj (.text)
                  00000e8a    00000004     rtsv7M4_T_le_v4SPD16_eabi.lib : pre_init.c.obj (.text:_system_pre_init)
                  00000e8e    00000004                                   : exit.c.obj (.text:abort:abort)

.const     0    00000e92    00000112     
                  00000e92    00000101     rtsv7M4_T_le_v4SPD16_eabi.lib : ctype.c.obj (.const:.string:_ctypes_)
                  00000f93    00000011     uart0.obj (.const:.string:$P$T0$1)

.cinit     0    00000fa8    00000018     
                  00000fa8    00000008     (__TI_handler_table)
                  00000fb0    00000007     (.cinit..data.load) [load image, compression = lzss]
                  00000fb7    00000001     --HOLE-- [fill = 0]
                  00000fb8    00000008     (__TI_cinit_table)

.init_array 
*          0    00000000    00000000     UNINITIALIZED

.data      0    20000200    00000005     UNINITIALIZED
                  20000200    00000005     PWM.obj (.data)

.stack     0    20000000    00000200     UNINITIALIZED
                  20000000    00000004     rtsv7M4_T_le_v4SPD16_eabi.lib : boot_cortex_m.c.obj (.stack)
                  20000004    000001fc     --HOLE--

__llvm_prf_cnts 
*          0    20000000    00000000     UNINITIALIZED

MODULE SUMMARY

       Module                         code   ro data   rw data
       ------                         ----   -------   -------
    .\
       CTI.obj                        1176   0         0      
       uart0.obj                      832    17        0      
       tm4c123gh6pm_startup_ccs.obj   12     620       0      
       PWM.obj                        312    0         5      
       main.obj                       240    0         0      
       clock80.obj                    36     0         0      
    +--+------------------------------+------+---------+---------+
       Total:                         2608   637       5      
                                                              
    C:\ti\ccs1281\ccs\tools\compiler\ti-cgt-arm_20.2.7.LTS\lib\rtsv7M4_T_le_v4SPD16_eabi.lib
       ctype.c.obj                    0      257       0      
       memcpy_t2.asm.obj              156    0         0      
       copy_decompress_lzss.c.obj     104    0         0      
       atoi.c.obj                     76     0         0      
       autoinit.c.obj                 68     0         0      
       boot_cortex_m.c.obj            52     0         0      
       strcmp.c.obj                   24     0         0      
       copy_decompress_none.c.obj     14     0         0      
       exit.c.obj                     4      0         0      
       pre_init.c.obj                 4      0         0      
    +--+------------------------------+------+---------+---------+
       Total:                         502    257       0      
                                                              
       Stack:                         0      0         512    
       Linker Generated:              0      23        0      
    +--+------------------------------+------+---------+---------+
       Grand Total:                   3110   917       517    


LINKER GENERATED COPY TABLES

__TI_cinit_table @ 00000fb8 records: 1, size/record: 8, table size: 8
	.data: load addr=00000fb0, load size=00000007 bytes, run addr=20000200, run size=00000005 bytes, compression=lzss


LINKER GENERATED HANDLER TABLE

__TI_handler_table @ 00000fa8 records: 2, size/record: 4, table size: 8
	index: 0, handler: __TI_decompress_lzss
	index: 1, handler: __TI_decompress_none


GLOBAL SYMBOLS: SORTED ALPHABETICALLY BY Name 

address   name                          
-------   ----                          
00000e8f  C$$EXIT                       
00000e7f  ResetISR                      
20000200  __STACK_END                   
00000200  __STACK_SIZE                  
20000200  __STACK_TOP                   
00000fb8  __TI_CINIT_Base               
00000fc0  __TI_CINIT_Limit              
00000fa8  __TI_Handler_Table_Base       
00000fb0  __TI_Handler_Table_Limit      
00000dbd  __TI_auto_init_nobinit_nopinit
00000d09  __TI_decompress_lzss          
00000e71  __TI_decompress_none          
ffffffff  __TI_pprof_out_hndl           
ffffffff  __TI_prof_data_size           
ffffffff  __TI_prof_data_start          
00000000  __TI_static_base__            
00000c6d  __aeabi_memcpy                
00000c6d  __aeabi_memcpy4               
00000c6d  __aeabi_memcpy8               
ffffffff  __binit__                     
ffffffff  __c_args__                    
UNDEFED   __mpu_init                    
20000000  __stack                       
20000000  __start___llvm_prf_cnts       
20000000  __stop___llvm_prf_cnts        
00000e01  _c_int00_noargs               
00000e92  _ctypes_                      
UNDEFED   _system_post_cinit            
00000e8b  _system_pre_init              
00000e8f  abort                         
00000d71  atoi                          
ffffffff  binit                         
00000000  g_pfnVectors                  
000005c3  getFieldFloat                 
000004af  getFieldInteger               
00000477  getFieldString                
00000b23  getPWM0Duty                   
00000805  getcUart0                     
0000026d  getsUart0                     
00000bb7  initADC                       
00000b7d  initGPIO                      
00000bc5  initHardware                  
00000a45  initPWM0                      
00000e35  initSystemClockTo40Mhz        
00000e3d  initSystemClockTo80Mhz        
00000705  initUart0                     
0000057d  isCommand                     
00000819  kbhitUart0                    
00000be3  main                          
00000c6d  memcpy                        
00000313  parseFields                   
000007bd  putcUart0                     
00000899  putfloatUart0                 
000009a1  puthex8Uart0                  
000009d9  puthexArrayUart0              
00000833  putintUart0                   
000007d9  putsUart0                     
00000bb9  readADC                       
00000b33  setMotorSpeed                 
00000adf  setPWM0Duty                   
00000779  setUart0BaudRate              
00000b29  stopPWM0                      
00000e59  strcmp                        


GLOBAL SYMBOLS: SORTED BY Symbol Address 

address   name                          
-------   ----                          
00000000  __TI_static_base__            
00000000  g_pfnVectors                  
00000200  __STACK_SIZE                  
0000026d  getsUart0                     
00000313  parseFields                   
00000477  getFieldString                
000004af  getFieldInteger               
0000057d  isCommand                     
000005c3  getFieldFloat                 
00000705  initUart0                     
00000779  setUart0BaudRate              
000007bd  putcUart0                     
000007d9  putsUart0                     
00000805  getcUart0                     
00000819  kbhitUart0                    
00000833  putintUart0                   
00000899  putfloatUart0                 
000009a1  puthex8Uart0                  
000009d9  puthexArrayUart0              
00000a45  initPWM0                      
00000adf  setPWM0Duty                   
00000b23  getPWM0Duty                   
00000b29  stopPWM0                      
00000b33  setMotorSpeed                 
00000b7d  initGPIO                      
00000bb7  initADC                       
00000bb9  readADC                       
00000bc5  initHardware                  
00000be3  main                          
00000c6d  __aeabi_memcpy                
00000c6d  __aeabi_memcpy4               
00000c6d  __aeabi_memcpy8               
00000c6d  memcpy                        
00000d09  __TI_decompress_lzss          
00000d71  atoi                          
00000dbd  __TI_auto_init_nobinit_nopinit
00000e01  _c_int00_noargs               
00000e35  initSystemClockTo40Mhz        
00000e3d  initSystemClockTo80Mhz        
00000e59  strcmp                        
00000e71  __TI_decompress_none          
00000e7f  ResetISR                      
00000e8b  _system_pre_init              
00000e8f  C$$EXIT                       
00000e8f  abort                         
00000e92  _ctypes_                      
00000fa8  __TI_Handler_Table_Base       
00000fb0  __TI_Handler_Table_Limit      
00000fb8  __TI_CINIT_Base               
00000fc0  __TI_CINIT_Limit              
20000000  __stack                       
20000000  __start___llvm_prf_cnts       
20000000  __stop___llvm_prf_cnts        
20000200  __STACK_END                   
20000200  __STACK_TOP                   
ffffffff  __TI_pprof_out_hndl           
ffffffff  __TI_prof_data_size           
ffffffff  __TI_prof_data_start          
ffffffff  __binit__                     
ffffffff  __c_args__                    
ffffffff  binit                         
UNDEFED   __mpu_init                    
UNDEFED   _system_post_cinit            

[63 symbols]
