<?xml version="1.0" encoding="ISO-8859-1" ?>
<link_info>
   <banner>TI ARM Linker PC v20.2.7.LTS</banner>
   <copyright>Copyright (c) 1996-2018 Texas Instruments Incorporated</copyright>
   <link_time>0x69bf189d</link_time>
   <link_errors>0x0</link_errors>
   <output_file>RC Car.out</output_file>
   <entry_point>
      <name>_c_int00_noargs</name>
      <address>0x1b31</address>
   </entry_point>
   <input_file_list>
      <input_file id="fl-2">
         <path>.\</path>
         <kind>object</kind>
         <file>CTI.obj</file>
         <name>CTI.obj</name>
      </input_file>
      <input_file id="fl-3">
         <path>.\</path>
         <kind>object</kind>
         <file>clock80.obj</file>
         <name>clock80.obj</name>
      </input_file>
      <input_file id="fl-4">
         <path>.\</path>
         <kind>object</kind>
         <file>gpio.obj</file>
         <name>gpio.obj</name>
      </input_file>
      <input_file id="fl-5">
         <path>.\</path>
         <kind>object</kind>
         <file>main.obj</file>
         <name>main.obj</name>
      </input_file>
      <input_file id="fl-6">
         <path>.\</path>
         <kind>object</kind>
         <file>nrf24L01.obj</file>
         <name>nrf24L01.obj</name>
      </input_file>
      <input_file id="fl-7">
         <path>.\</path>
         <kind>object</kind>
         <file>spi1.obj</file>
         <name>spi1.obj</name>
      </input_file>
      <input_file id="fl-8">
         <path>.\</path>
         <kind>object</kind>
         <file>tm4c123gh6pm_startup_ccs.obj</file>
         <name>tm4c123gh6pm_startup_ccs.obj</name>
      </input_file>
      <input_file id="fl-9">
         <path>.\</path>
         <kind>object</kind>
         <file>uart0.obj</file>
         <name>uart0.obj</name>
      </input_file>
      <input_file id="fl-a">
         <path>.\</path>
         <kind>object</kind>
         <file>wait.obj</file>
         <name>wait.obj</name>
      </input_file>
      <input_file id="fl-e">
         <kind>object</kind>
         <file>&lt;internal&gt;</file>
         <name>&lt;internal&gt;</name>
      </input_file>
      <input_file id="fl-c4">
         <path>C:\TI\ccs1281\ccs\tools\compiler\ti-cgt-arm_20.2.7.LTS\lib\</path>
         <kind>archive</kind>
         <file>rtsv7M4_T_le_v4SPD16_eabi.lib</file>
         <name>memcpy_t2.asm.obj</name>
      </input_file>
      <input_file id="fl-c5">
         <path>C:\TI\ccs1281\ccs\tools\compiler\ti-cgt-arm_20.2.7.LTS\lib\</path>
         <kind>archive</kind>
         <file>rtsv7M4_T_le_v4SPD16_eabi.lib</file>
         <name>copy_zero_init.c.obj</name>
      </input_file>
      <input_file id="fl-c6">
         <path>C:\TI\ccs1281\ccs\tools\compiler\ti-cgt-arm_20.2.7.LTS\lib\</path>
         <kind>archive</kind>
         <file>rtsv7M4_T_le_v4SPD16_eabi.lib</file>
         <name>copy_decompress_none.c.obj</name>
      </input_file>
      <input_file id="fl-c7">
         <path>C:\TI\ccs1281\ccs\tools\compiler\ti-cgt-arm_20.2.7.LTS\lib\</path>
         <kind>archive</kind>
         <file>rtsv7M4_T_le_v4SPD16_eabi.lib</file>
         <name>copy_decompress_lzss.c.obj</name>
      </input_file>
      <input_file id="fl-c8">
         <path>C:\TI\ccs1281\ccs\tools\compiler\ti-cgt-arm_20.2.7.LTS\lib\</path>
         <kind>archive</kind>
         <file>rtsv7M4_T_le_v4SPD16_eabi.lib</file>
         <name>strcmp.c.obj</name>
      </input_file>
      <input_file id="fl-c9">
         <path>C:\TI\ccs1281\ccs\tools\compiler\ti-cgt-arm_20.2.7.LTS\lib\</path>
         <kind>archive</kind>
         <file>rtsv7M4_T_le_v4SPD16_eabi.lib</file>
         <name>boot_cortex_m.c.obj</name>
      </input_file>
      <input_file id="fl-ca">
         <path>C:\TI\ccs1281\ccs\tools\compiler\ti-cgt-arm_20.2.7.LTS\lib\</path>
         <kind>archive</kind>
         <file>rtsv7M4_T_le_v4SPD16_eabi.lib</file>
         <name>memset_t2.asm.obj</name>
      </input_file>
      <input_file id="fl-cb">
         <path>C:\TI\ccs1281\ccs\tools\compiler\ti-cgt-arm_20.2.7.LTS\lib\</path>
         <kind>archive</kind>
         <file>rtsv7M4_T_le_v4SPD16_eabi.lib</file>
         <name>autoinit.c.obj</name>
      </input_file>
      <input_file id="fl-cc">
         <path>C:\TI\ccs1281\ccs\tools\compiler\ti-cgt-arm_20.2.7.LTS\lib\</path>
         <kind>archive</kind>
         <file>rtsv7M4_T_le_v4SPD16_eabi.lib</file>
         <name>pre_init.c.obj</name>
      </input_file>
      <input_file id="fl-cd">
         <path>C:\TI\ccs1281\ccs\tools\compiler\ti-cgt-arm_20.2.7.LTS\lib\</path>
         <kind>archive</kind>
         <file>rtsv7M4_T_le_v4SPD16_eabi.lib</file>
         <name>cpy_tbl.c.obj</name>
      </input_file>
      <input_file id="fl-ce">
         <path>C:\TI\ccs1281\ccs\tools\compiler\ti-cgt-arm_20.2.7.LTS\lib\</path>
         <kind>archive</kind>
         <file>rtsv7M4_T_le_v4SPD16_eabi.lib</file>
         <name>exit.c.obj</name>
      </input_file>
      <input_file id="fl-cf">
         <path>C:\TI\ccs1281\ccs\tools\compiler\ti-cgt-arm_20.2.7.LTS\lib\</path>
         <kind>archive</kind>
         <file>rtsv7M4_T_le_v4SPD16_eabi.lib</file>
         <name>_lock.c.obj</name>
      </input_file>
      <input_file id="fl-d0">
         <path>C:\TI\ccs1281\ccs\tools\compiler\ti-cgt-arm_20.2.7.LTS\lib\</path>
         <kind>archive</kind>
         <file>rtsv7M4_T_le_v4SPD16_eabi.lib</file>
         <name>args_main.c.obj</name>
      </input_file>
   </input_file_list>
   <object_component_list>
      <object_component id="oc-12">
         <name>.intvecs</name>
         <load_address>0x0</load_address>
         <run_address>0x0</run_address>
         <size>0x26c</size>
         <input_file_ref idref="fl-8"/>
      </object_component>
      <object_component id="oc-c8">
         <name>.text</name>
         <load_address>0x26c</load_address>
         <run_address>0x26c</run_address>
         <size>0x808</size>
         <input_file_ref idref="fl-4"/>
      </object_component>
      <object_component id="oc-9b">
         <name>.text</name>
         <load_address>0xa74</load_address>
         <run_address>0xa74</run_address>
         <size>0x648</size>
         <input_file_ref idref="fl-5"/>
      </object_component>
      <object_component id="oc-e0">
         <name>.text</name>
         <load_address>0x10bc</load_address>
         <run_address>0x10bc</run_address>
         <size>0x48c</size>
         <input_file_ref idref="fl-2"/>
      </object_component>
      <object_component id="oc-da">
         <name>.text</name>
         <load_address>0x1548</load_address>
         <run_address>0x1548</run_address>
         <size>0x340</size>
         <input_file_ref idref="fl-9"/>
      </object_component>
      <object_component id="oc-d4">
         <name>.text</name>
         <load_address>0x1888</load_address>
         <run_address>0x1888</run_address>
         <size>0x160</size>
         <input_file_ref idref="fl-7"/>
      </object_component>
      <object_component id="oc-3b">
         <name>.text</name>
         <load_address>0x19e8</load_address>
         <run_address>0x19e8</run_address>
         <size>0x9c</size>
         <input_file_ref idref="fl-c4"/>
      </object_component>
      <object_component id="oc-15">
         <name>.text:decompress:lzss:__TI_decompress_lzss</name>
         <load_address>0x1a84</load_address>
         <run_address>0x1a84</run_address>
         <size>0x68</size>
         <input_file_ref idref="fl-c7"/>
      </object_component>
      <object_component id="oc-102">
         <name>.text:__TI_auto_init_nobinit_nopinit:__TI_auto_init_nobinit_nopinit</name>
         <load_address>0x1aec</load_address>
         <run_address>0x1aec</run_address>
         <size>0x44</size>
         <input_file_ref idref="fl-cb"/>
      </object_component>
      <object_component id="oc-59">
         <name>.text:_c_int00_noargs:_c_int00_noargs</name>
         <load_address>0x1b30</load_address>
         <run_address>0x1b30</run_address>
         <size>0x34</size>
         <input_file_ref idref="fl-c9"/>
      </object_component>
      <object_component id="oc-ce">
         <name>.text</name>
         <load_address>0x1b64</load_address>
         <run_address>0x1b64</run_address>
         <size>0x24</size>
         <input_file_ref idref="fl-3"/>
      </object_component>
      <object_component id="oc-e6">
         <name>.text:strcmp</name>
         <load_address>0x1b88</load_address>
         <run_address>0x1b88</run_address>
         <size>0x18</size>
         <input_file_ref idref="fl-c8"/>
      </object_component>
      <object_component id="oc-1b">
         <name>.text:decompress:none:__TI_decompress_none</name>
         <load_address>0x1ba0</load_address>
         <run_address>0x1ba0</run_address>
         <size>0xe</size>
         <input_file_ref idref="fl-c6"/>
      </object_component>
      <object_component id="oc-27">
         <name>.text</name>
         <load_address>0x1bae</load_address>
         <run_address>0x1bae</run_address>
         <size>0xc</size>
         <input_file_ref idref="fl-8"/>
      </object_component>
      <object_component id="oc-95">
         <name>.text:_system_pre_init</name>
         <load_address>0x1bba</load_address>
         <run_address>0x1bba</run_address>
         <size>0x4</size>
         <input_file_ref idref="fl-cc"/>
      </object_component>
      <object_component id="oc-f6">
         <name>.text:abort:abort</name>
         <load_address>0x1bbe</load_address>
         <run_address>0x1bbe</run_address>
         <size>0x4</size>
         <input_file_ref idref="fl-ce"/>
      </object_component>
      <object_component id="oc-144">
         <name>.const:.string:$P$T0$1</name>
         <load_address>0x1bc2</load_address>
         <run_address>0x1bc2</run_address>
         <size>0x11</size>
         <input_file_ref idref="fl-9"/>
      </object_component>
      <object_component id="oc-1d1">
         <name>__TI_handler_table</name>
         <load_address>0x1bd8</load_address>
         <run_address>0x1bd8</run_address>
         <size>0x8</size>
      </object_component>
      <object_component id="oc-1d3">
         <name>.cinit..data.load</name>
         <load_address>0x1be0</load_address>
         <run_address>0x1be0</run_address>
         <size>0x5</size>
      </object_component>
      <object_component id="oc-1d2">
         <name>__TI_cinit_table</name>
         <load_address>0x1be8</load_address>
         <run_address>0x1be8</run_address>
         <size>0x8</size>
      </object_component>
      <object_component id="oc-ec">
         <name>.data</name>
         <load_address>0x20000200</load_address>
         <run_address>0x20000200</run_address>
         <size>0x1</size>
         <input_file_ref idref="fl-5"/>
      </object_component>
      <object_component id="oc-24">
         <name>.stack</name>
         <uninitialized>true</uninitialized>
         <run_address>0x20000000</run_address>
         <size>0x4</size>
         <input_file_ref idref="fl-c9"/>
      </object_component>
      <object_component id="oc-1d5">
         <name>.stack</name>
         <uninitialized>true</uninitialized>
         <run_address>0x20000000</run_address>
         <size>0x0</size>
      </object_component>
      <object_component id="oc-b7">
         <name>.debug_info</name>
         <load_address>0x0</load_address>
         <run_address>0x0</run_address>
         <size>0x2fb</size>
         <input_file_ref idref="fl-2"/>
      </object_component>
      <object_component id="oc-e1">
         <name>.debug_info</name>
         <load_address>0x2fb</load_address>
         <run_address>0x2fb</run_address>
         <size>0x645</size>
         <input_file_ref idref="fl-2"/>
      </object_component>
      <object_component id="oc-70">
         <name>.debug_info</name>
         <load_address>0x940</load_address>
         <run_address>0x940</run_address>
         <size>0x26b</size>
         <input_file_ref idref="fl-2"/>
      </object_component>
      <object_component id="oc-f1">
         <name>.debug_info</name>
         <load_address>0xbab</load_address>
         <run_address>0xbab</run_address>
         <size>0x8a</size>
         <input_file_ref idref="fl-2"/>
      </object_component>
      <object_component id="oc-b2">
         <name>.debug_info</name>
         <load_address>0xc35</load_address>
         <run_address>0xc35</run_address>
         <size>0x8b</size>
         <input_file_ref idref="fl-2"/>
      </object_component>
      <object_component id="oc-ad">
         <name>.debug_info</name>
         <load_address>0xcc0</load_address>
         <run_address>0xcc0</run_address>
         <size>0x2a4</size>
         <input_file_ref idref="fl-2"/>
      </object_component>
      <object_component id="oc-75">
         <name>.debug_info</name>
         <load_address>0xf64</load_address>
         <run_address>0xf64</run_address>
         <size>0xbb</size>
         <input_file_ref idref="fl-2"/>
      </object_component>
      <object_component id="oc-136">
         <name>.debug_info</name>
         <load_address>0x101f</load_address>
         <run_address>0x101f</run_address>
         <size>0x35</size>
         <input_file_ref idref="fl-2"/>
      </object_component>
      <object_component id="oc-cf">
         <name>.debug_info</name>
         <load_address>0x1054</load_address>
         <run_address>0x1054</run_address>
         <size>0x199</size>
         <input_file_ref idref="fl-3"/>
      </object_component>
      <object_component id="oc-36">
         <name>.debug_info</name>
         <load_address>0x11ed</load_address>
         <run_address>0x11ed</run_address>
         <size>0x84</size>
         <input_file_ref idref="fl-3"/>
      </object_component>
      <object_component id="oc-141">
         <name>.debug_info</name>
         <load_address>0x1271</load_address>
         <run_address>0x1271</run_address>
         <size>0x27b</size>
         <input_file_ref idref="fl-4"/>
      </object_component>
      <object_component id="oc-c9">
         <name>.debug_info</name>
         <load_address>0x14ec</load_address>
         <run_address>0x14ec</run_address>
         <size>0x10fb</size>
         <input_file_ref idref="fl-4"/>
      </object_component>
      <object_component id="oc-13c">
         <name>.debug_info</name>
         <load_address>0x25e7</load_address>
         <run_address>0x25e7</run_address>
         <size>0x88</size>
         <input_file_ref idref="fl-4"/>
      </object_component>
      <object_component id="oc-f0">
         <name>.debug_info</name>
         <load_address>0x266f</load_address>
         <run_address>0x266f</run_address>
         <size>0x5e3</size>
         <input_file_ref idref="fl-5"/>
      </object_component>
      <object_component id="oc-ed">
         <name>.debug_info</name>
         <load_address>0x2c52</load_address>
         <run_address>0x2c52</run_address>
         <size>0xdd</size>
         <input_file_ref idref="fl-5"/>
      </object_component>
      <object_component id="oc-9d">
         <name>.debug_info</name>
         <load_address>0x2d2f</load_address>
         <run_address>0x2d2f</run_address>
         <size>0x93f</size>
         <input_file_ref idref="fl-5"/>
      </object_component>
      <object_component id="oc-d5">
         <name>.debug_info</name>
         <load_address>0x366e</load_address>
         <run_address>0x366e</run_address>
         <size>0x47f</size>
         <input_file_ref idref="fl-7"/>
      </object_component>
      <object_component id="oc-2f">
         <name>.debug_info</name>
         <load_address>0x3aed</load_address>
         <run_address>0x3aed</run_address>
         <size>0x2c2</size>
         <input_file_ref idref="fl-8"/>
      </object_component>
      <object_component id="oc-13">
         <name>.debug_info</name>
         <load_address>0x3daf</load_address>
         <run_address>0x3daf</run_address>
         <size>0x101</size>
         <input_file_ref idref="fl-8"/>
      </object_component>
      <object_component id="oc-29">
         <name>.debug_info</name>
         <load_address>0x3eb0</load_address>
         <run_address>0x3eb0</run_address>
         <size>0x27d</size>
         <input_file_ref idref="fl-8"/>
      </object_component>
      <object_component id="oc-148">
         <name>.debug_info</name>
         <load_address>0x412d</load_address>
         <run_address>0x412d</run_address>
         <size>0x2b1</size>
         <input_file_ref idref="fl-9"/>
      </object_component>
      <object_component id="oc-145">
         <name>.debug_info</name>
         <load_address>0x43de</load_address>
         <run_address>0x43de</run_address>
         <size>0xe3</size>
         <input_file_ref idref="fl-9"/>
      </object_component>
      <object_component id="oc-dc">
         <name>.debug_info</name>
         <load_address>0x44c1</load_address>
         <run_address>0x44c1</run_address>
         <size>0x6f4</size>
         <input_file_ref idref="fl-9"/>
      </object_component>
      <object_component id="oc-3d">
         <name>.debug_info</name>
         <load_address>0x4bb5</load_address>
         <run_address>0x4bb5</run_address>
         <size>0x119</size>
         <input_file_ref idref="fl-c4"/>
      </object_component>
      <object_component id="oc-46">
         <name>.debug_info</name>
         <load_address>0x4cce</load_address>
         <run_address>0x4cce</run_address>
         <size>0x2a8</size>
         <input_file_ref idref="fl-c6"/>
      </object_component>
      <object_component id="oc-1f">
         <name>.debug_info</name>
         <load_address>0x4f76</load_address>
         <run_address>0x4f76</run_address>
         <size>0x1ea</size>
         <input_file_ref idref="fl-c6"/>
      </object_component>
      <object_component id="oc-41">
         <name>.debug_info</name>
         <load_address>0x5160</load_address>
         <run_address>0x5160</run_address>
         <size>0x46</size>
         <input_file_ref idref="fl-c6"/>
      </object_component>
      <object_component id="oc-81">
         <name>.debug_info</name>
         <load_address>0x51a6</load_address>
         <run_address>0x51a6</run_address>
         <size>0x2c</size>
         <input_file_ref idref="fl-c6"/>
      </object_component>
      <object_component id="oc-7f">
         <name>.debug_info</name>
         <load_address>0x51d2</load_address>
         <run_address>0x51d2</run_address>
         <size>0x29e</size>
         <input_file_ref idref="fl-c7"/>
      </object_component>
      <object_component id="oc-16">
         <name>.debug_info</name>
         <load_address>0x5470</load_address>
         <run_address>0x5470</run_address>
         <size>0x250</size>
         <input_file_ref idref="fl-c7"/>
      </object_component>
      <object_component id="oc-31">
         <name>.debug_info</name>
         <load_address>0x56c0</load_address>
         <run_address>0x56c0</run_address>
         <size>0x60</size>
         <input_file_ref idref="fl-c7"/>
      </object_component>
      <object_component id="oc-b8">
         <name>.debug_info</name>
         <load_address>0x5720</load_address>
         <run_address>0x5720</run_address>
         <size>0x46</size>
         <input_file_ref idref="fl-c7"/>
      </object_component>
      <object_component id="oc-7a">
         <name>.debug_info</name>
         <load_address>0x5766</load_address>
         <run_address>0x5766</run_address>
         <size>0x39</size>
         <input_file_ref idref="fl-c7"/>
      </object_component>
      <object_component id="oc-14b">
         <name>.debug_info</name>
         <load_address>0x579f</load_address>
         <run_address>0x579f</run_address>
         <size>0x28a</size>
         <input_file_ref idref="fl-c8"/>
      </object_component>
      <object_component id="oc-e9">
         <name>.debug_info</name>
         <load_address>0x5a29</load_address>
         <run_address>0x5a29</run_address>
         <size>0x273</size>
         <input_file_ref idref="fl-c8"/>
      </object_component>
      <object_component id="oc-25">
         <name>.debug_info</name>
         <load_address>0x5c9c</load_address>
         <run_address>0x5c9c</run_address>
         <size>0x10b</size>
         <input_file_ref idref="fl-c9"/>
      </object_component>
      <object_component id="oc-5a">
         <name>.debug_info</name>
         <load_address>0x5da7</load_address>
         <run_address>0x5da7</run_address>
         <size>0x1a9</size>
         <input_file_ref idref="fl-c9"/>
      </object_component>
      <object_component id="oc-15b">
         <name>.debug_info</name>
         <load_address>0x5f50</load_address>
         <run_address>0x5f50</run_address>
         <size>0x4b3</size>
         <input_file_ref idref="fl-cb"/>
      </object_component>
      <object_component id="oc-105">
         <name>.debug_info</name>
         <load_address>0x6403</load_address>
         <run_address>0x6403</run_address>
         <size>0x1a6</size>
         <input_file_ref idref="fl-cb"/>
      </object_component>
      <object_component id="oc-188">
         <name>.debug_info</name>
         <load_address>0x65a9</load_address>
         <run_address>0x65a9</run_address>
         <size>0x39</size>
         <input_file_ref idref="fl-cb"/>
      </object_component>
      <object_component id="oc-19c">
         <name>.debug_info</name>
         <load_address>0x65e2</load_address>
         <run_address>0x65e2</run_address>
         <size>0x39</size>
         <input_file_ref idref="fl-cb"/>
      </object_component>
      <object_component id="oc-18d">
         <name>.debug_info</name>
         <load_address>0x661b</load_address>
         <run_address>0x661b</run_address>
         <size>0x39</size>
         <input_file_ref idref="fl-cb"/>
      </object_component>
      <object_component id="oc-192">
         <name>.debug_info</name>
         <load_address>0x6654</load_address>
         <run_address>0x6654</run_address>
         <size>0xcd</size>
         <input_file_ref idref="fl-cb"/>
      </object_component>
      <object_component id="oc-97">
         <name>.debug_info</name>
         <load_address>0x6721</load_address>
         <run_address>0x6721</run_address>
         <size>0x153</size>
         <input_file_ref idref="fl-cc"/>
      </object_component>
      <object_component id="oc-f7">
         <name>.debug_info</name>
         <load_address>0x6874</load_address>
         <run_address>0x6874</run_address>
         <size>0x122</size>
         <input_file_ref idref="fl-ce"/>
      </object_component>
      <object_component id="oc-1d6">
         <name>.debug_info</name>
         <load_address>0x6996</load_address>
         <run_address>0x6996</run_address>
         <size>0xb4</size>
      </object_component>
      <object_component id="oc-135">
         <name>.debug_line</name>
         <load_address>0x0</load_address>
         <run_address>0x0</run_address>
         <size>0x79</size>
         <input_file_ref idref="fl-2"/>
      </object_component>
      <object_component id="oc-e4">
         <name>.debug_line</name>
         <load_address>0x79</load_address>
         <run_address>0x79</run_address>
         <size>0x21f</size>
         <input_file_ref idref="fl-2"/>
      </object_component>
      <object_component id="oc-73">
         <name>.debug_line</name>
         <load_address>0x298</load_address>
         <run_address>0x298</run_address>
         <size>0x6f</size>
         <input_file_ref idref="fl-2"/>
      </object_component>
      <object_component id="oc-f4">
         <name>.debug_line</name>
         <load_address>0x307</load_address>
         <run_address>0x307</run_address>
         <size>0x2c</size>
         <input_file_ref idref="fl-2"/>
      </object_component>
      <object_component id="oc-b5">
         <name>.debug_line</name>
         <load_address>0x333</load_address>
         <run_address>0x333</run_address>
         <size>0x20</size>
         <input_file_ref idref="fl-2"/>
      </object_component>
      <object_component id="oc-b0">
         <name>.debug_line</name>
         <load_address>0x353</load_address>
         <run_address>0x353</run_address>
         <size>0x73</size>
         <input_file_ref idref="fl-2"/>
      </object_component>
      <object_component id="oc-78">
         <name>.debug_line</name>
         <load_address>0x3c6</load_address>
         <run_address>0x3c6</run_address>
         <size>0x70</size>
         <input_file_ref idref="fl-2"/>
      </object_component>
      <object_component id="oc-139">
         <name>.debug_line</name>
         <load_address>0x436</load_address>
         <run_address>0x436</run_address>
         <size>0x74</size>
         <input_file_ref idref="fl-2"/>
      </object_component>
      <object_component id="oc-d2">
         <name>.debug_line</name>
         <load_address>0x4aa</load_address>
         <run_address>0x4aa</run_address>
         <size>0x5e</size>
         <input_file_ref idref="fl-3"/>
      </object_component>
      <object_component id="oc-39">
         <name>.debug_line</name>
         <load_address>0x508</load_address>
         <run_address>0x508</run_address>
         <size>0x20</size>
         <input_file_ref idref="fl-3"/>
      </object_component>
      <object_component id="oc-171">
         <name>.debug_line</name>
         <load_address>0x528</load_address>
         <run_address>0x528</run_address>
         <size>0x20</size>
         <input_file_ref idref="fl-4"/>
      </object_component>
      <object_component id="oc-cc">
         <name>.debug_line</name>
         <load_address>0x548</load_address>
         <run_address>0x548</run_address>
         <size>0x3d4</size>
         <input_file_ref idref="fl-4"/>
      </object_component>
      <object_component id="oc-13f">
         <name>.debug_line</name>
         <load_address>0x91c</load_address>
         <run_address>0x91c</run_address>
         <size>0x2d</size>
         <input_file_ref idref="fl-4"/>
      </object_component>
      <object_component id="oc-14f">
         <name>.debug_line</name>
         <load_address>0x949</load_address>
         <run_address>0x949</run_address>
         <size>0xaf</size>
         <input_file_ref idref="fl-5"/>
      </object_component>
      <object_component id="oc-14d">
         <name>.debug_line</name>
         <load_address>0x9f8</load_address>
         <run_address>0x9f8</run_address>
         <size>0x2d</size>
         <input_file_ref idref="fl-5"/>
      </object_component>
      <object_component id="oc-9c">
         <name>.debug_line</name>
         <load_address>0xa25</load_address>
         <run_address>0xa25</run_address>
         <size>0x1d1</size>
         <input_file_ref idref="fl-5"/>
      </object_component>
      <object_component id="oc-d8">
         <name>.debug_line</name>
         <load_address>0xbf6</load_address>
         <run_address>0xbf6</run_address>
         <size>0xde</size>
         <input_file_ref idref="fl-7"/>
      </object_component>
      <object_component id="oc-6f">
         <name>.debug_line</name>
         <load_address>0xcd4</load_address>
         <run_address>0xcd4</run_address>
         <size>0x41</size>
         <input_file_ref idref="fl-8"/>
      </object_component>
      <object_component id="oc-2e">
         <name>.debug_line</name>
         <load_address>0xd15</load_address>
         <run_address>0xd15</run_address>
         <size>0x41</size>
         <input_file_ref idref="fl-8"/>
      </object_component>
      <object_component id="oc-2c">
         <name>.debug_line</name>
         <load_address>0xd56</load_address>
         <run_address>0xd56</run_address>
         <size>0xa1</size>
         <input_file_ref idref="fl-8"/>
      </object_component>
      <object_component id="oc-175">
         <name>.debug_line</name>
         <load_address>0xdf7</load_address>
         <run_address>0xdf7</run_address>
         <size>0x20</size>
         <input_file_ref idref="fl-9"/>
      </object_component>
      <object_component id="oc-173">
         <name>.debug_line</name>
         <load_address>0xe17</load_address>
         <run_address>0xe17</run_address>
         <size>0x2e</size>
         <input_file_ref idref="fl-9"/>
      </object_component>
      <object_component id="oc-df">
         <name>.debug_line</name>
         <load_address>0xe45</load_address>
         <run_address>0xe45</run_address>
         <size>0x1bb</size>
         <input_file_ref idref="fl-9"/>
      </object_component>
      <object_component id="oc-3f">
         <name>.debug_line</name>
         <load_address>0x1000</load_address>
         <run_address>0x1000</run_address>
         <size>0x88</size>
         <input_file_ref idref="fl-c4"/>
      </object_component>
      <object_component id="oc-87">
         <name>.debug_line</name>
         <load_address>0x1088</load_address>
         <run_address>0x1088</run_address>
         <size>0x20</size>
         <input_file_ref idref="fl-c6"/>
      </object_component>
      <object_component id="oc-1e">
         <name>.debug_line</name>
         <load_address>0x10a8</load_address>
         <run_address>0x10a8</run_address>
         <size>0x55</size>
         <input_file_ref idref="fl-c6"/>
      </object_component>
      <object_component id="oc-44">
         <name>.debug_line</name>
         <load_address>0x10fd</load_address>
         <run_address>0x10fd</run_address>
         <size>0x3a</size>
         <input_file_ref idref="fl-c6"/>
      </object_component>
      <object_component id="oc-84">
         <name>.debug_line</name>
         <load_address>0x1137</load_address>
         <run_address>0x1137</run_address>
         <size>0x92</size>
         <input_file_ref idref="fl-c6"/>
      </object_component>
      <object_component id="oc-be">
         <name>.debug_line</name>
         <load_address>0x11c9</load_address>
         <run_address>0x11c9</run_address>
         <size>0x20</size>
         <input_file_ref idref="fl-c7"/>
      </object_component>
      <object_component id="oc-1a">
         <name>.debug_line</name>
         <load_address>0x11e9</load_address>
         <run_address>0x11e9</run_address>
         <size>0xa9</size>
         <input_file_ref idref="fl-c7"/>
      </object_component>
      <object_component id="oc-34">
         <name>.debug_line</name>
         <load_address>0x1292</load_address>
         <run_address>0x1292</run_address>
         <size>0x3a</size>
         <input_file_ref idref="fl-c7"/>
      </object_component>
      <object_component id="oc-bb">
         <name>.debug_line</name>
         <load_address>0x12cc</load_address>
         <run_address>0x12cc</run_address>
         <size>0x9a</size>
         <input_file_ref idref="fl-c7"/>
      </object_component>
      <object_component id="oc-7d">
         <name>.debug_line</name>
         <load_address>0x1366</load_address>
         <run_address>0x1366</run_address>
         <size>0x96</size>
         <input_file_ref idref="fl-c7"/>
      </object_component>
      <object_component id="oc-177">
         <name>.debug_line</name>
         <load_address>0x13fc</load_address>
         <run_address>0x13fc</run_address>
         <size>0x20</size>
         <input_file_ref idref="fl-c8"/>
      </object_component>
      <object_component id="oc-eb">
         <name>.debug_line</name>
         <load_address>0x141c</load_address>
         <run_address>0x141c</run_address>
         <size>0xad</size>
         <input_file_ref idref="fl-c8"/>
      </object_component>
      <object_component id="oc-6c">
         <name>.debug_line</name>
         <load_address>0x14c9</load_address>
         <run_address>0x14c9</run_address>
         <size>0x33</size>
         <input_file_ref idref="fl-c9"/>
      </object_component>
      <object_component id="oc-5d">
         <name>.debug_line</name>
         <load_address>0x14fc</load_address>
         <run_address>0x14fc</run_address>
         <size>0x45</size>
         <input_file_ref idref="fl-c9"/>
      </object_component>
      <object_component id="oc-187">
         <name>.debug_line</name>
         <load_address>0x1541</load_address>
         <run_address>0x1541</run_address>
         <size>0xbf</size>
         <input_file_ref idref="fl-cb"/>
      </object_component>
      <object_component id="oc-104">
         <name>.debug_line</name>
         <load_address>0x1600</load_address>
         <run_address>0x1600</run_address>
         <size>0x6f</size>
         <input_file_ref idref="fl-cb"/>
      </object_component>
      <object_component id="oc-18b">
         <name>.debug_line</name>
         <load_address>0x166f</load_address>
         <run_address>0x166f</run_address>
         <size>0x2e</size>
         <input_file_ref idref="fl-cb"/>
      </object_component>
      <object_component id="oc-19f">
         <name>.debug_line</name>
         <load_address>0x169d</load_address>
         <run_address>0x169d</run_address>
         <size>0x9a</size>
         <input_file_ref idref="fl-cb"/>
      </object_component>
      <object_component id="oc-190">
         <name>.debug_line</name>
         <load_address>0x1737</load_address>
         <run_address>0x1737</run_address>
         <size>0x97</size>
         <input_file_ref idref="fl-cb"/>
      </object_component>
      <object_component id="oc-195">
         <name>.debug_line</name>
         <load_address>0x17ce</load_address>
         <run_address>0x17ce</run_address>
         <size>0x93</size>
         <input_file_ref idref="fl-cb"/>
      </object_component>
      <object_component id="oc-9a">
         <name>.debug_line</name>
         <load_address>0x1861</load_address>
         <run_address>0x1861</run_address>
         <size>0x40</size>
         <input_file_ref idref="fl-cc"/>
      </object_component>
      <object_component id="oc-fa">
         <name>.debug_line</name>
         <load_address>0x18a1</load_address>
         <run_address>0x18a1</run_address>
         <size>0x3c</size>
         <input_file_ref idref="fl-ce"/>
      </object_component>
      <object_component id="oc-e5">
         <name>.debug_frame</name>
         <load_address>0x0</load_address>
         <run_address>0x0</run_address>
         <size>0xdc</size>
         <input_file_ref idref="fl-2"/>
      </object_component>
      <object_component id="oc-d3">
         <name>.debug_frame</name>
         <load_address>0xdc</load_address>
         <run_address>0xdc</run_address>
         <size>0x68</size>
         <input_file_ref idref="fl-3"/>
      </object_component>
      <object_component id="oc-cd">
         <name>.debug_frame</name>
         <load_address>0x144</load_address>
         <run_address>0x144</run_address>
         <size>0x2a4</size>
         <input_file_ref idref="fl-4"/>
      </object_component>
      <object_component id="oc-a0">
         <name>.debug_frame</name>
         <load_address>0x3e8</load_address>
         <run_address>0x3e8</run_address>
         <size>0x12c</size>
         <input_file_ref idref="fl-5"/>
      </object_component>
      <object_component id="oc-d9">
         <name>.debug_frame</name>
         <load_address>0x514</load_address>
         <run_address>0x514</run_address>
         <size>0xb8</size>
         <input_file_ref idref="fl-7"/>
      </object_component>
      <object_component id="oc-28">
         <name>.debug_frame</name>
         <load_address>0x5cc</load_address>
         <run_address>0x5cc</run_address>
         <size>0x90</size>
         <input_file_ref idref="fl-8"/>
      </object_component>
      <object_component id="oc-de">
         <name>.debug_frame</name>
         <load_address>0x65c</load_address>
         <run_address>0x65c</run_address>
         <size>0x13c</size>
         <input_file_ref idref="fl-9"/>
      </object_component>
      <object_component id="oc-1d">
         <name>.debug_frame</name>
         <load_address>0x798</load_address>
         <run_address>0x798</run_address>
         <size>0x54</size>
         <input_file_ref idref="fl-c6"/>
      </object_component>
      <object_component id="oc-19">
         <name>.debug_frame</name>
         <load_address>0x7ec</load_address>
         <run_address>0x7ec</run_address>
         <size>0x60</size>
         <input_file_ref idref="fl-c7"/>
      </object_component>
      <object_component id="oc-e7">
         <name>.debug_frame</name>
         <load_address>0x84c</load_address>
         <run_address>0x84c</run_address>
         <size>0x54</size>
         <input_file_ref idref="fl-c8"/>
      </object_component>
      <object_component id="oc-5e">
         <name>.debug_frame</name>
         <load_address>0x8a0</load_address>
         <run_address>0x8a0</run_address>
         <size>0x50</size>
         <input_file_ref idref="fl-c9"/>
      </object_component>
      <object_component id="oc-103">
         <name>.debug_frame</name>
         <load_address>0x8f0</load_address>
         <run_address>0x8f0</run_address>
         <size>0x5c</size>
         <input_file_ref idref="fl-cb"/>
      </object_component>
      <object_component id="oc-96">
         <name>.debug_frame</name>
         <load_address>0x94c</load_address>
         <run_address>0x94c</run_address>
         <size>0x54</size>
         <input_file_ref idref="fl-cc"/>
      </object_component>
      <object_component id="oc-fb">
         <name>.debug_frame</name>
         <load_address>0x9a0</load_address>
         <run_address>0x9a0</run_address>
         <size>0x54</size>
         <input_file_ref idref="fl-ce"/>
      </object_component>
      <object_component id="oc-134">
         <name>.debug_abbrev</name>
         <load_address>0x0</load_address>
         <run_address>0x0</run_address>
         <size>0x80</size>
         <input_file_ref idref="fl-2"/>
      </object_component>
      <object_component id="oc-149">
         <name>.debug_abbrev</name>
         <load_address>0x80</load_address>
         <run_address>0x80</run_address>
         <size>0xb4</size>
         <input_file_ref idref="fl-2"/>
      </object_component>
      <object_component id="oc-72">
         <name>.debug_abbrev</name>
         <load_address>0x134</load_address>
         <run_address>0x134</run_address>
         <size>0x69</size>
         <input_file_ref idref="fl-2"/>
      </object_component>
      <object_component id="oc-f3">
         <name>.debug_abbrev</name>
         <load_address>0x19d</load_address>
         <run_address>0x19d</run_address>
         <size>0x4b</size>
         <input_file_ref idref="fl-2"/>
      </object_component>
      <object_component id="oc-b4">
         <name>.debug_abbrev</name>
         <load_address>0x1e8</load_address>
         <run_address>0x1e8</run_address>
         <size>0x1f</size>
         <input_file_ref idref="fl-2"/>
      </object_component>
      <object_component id="oc-af">
         <name>.debug_abbrev</name>
         <load_address>0x207</load_address>
         <run_address>0x207</run_address>
         <size>0x5c</size>
         <input_file_ref idref="fl-2"/>
      </object_component>
      <object_component id="oc-77">
         <name>.debug_abbrev</name>
         <load_address>0x263</load_address>
         <run_address>0x263</run_address>
         <size>0x24</size>
         <input_file_ref idref="fl-2"/>
      </object_component>
      <object_component id="oc-138">
         <name>.debug_abbrev</name>
         <load_address>0x287</load_address>
         <run_address>0x287</run_address>
         <size>0x33</size>
         <input_file_ref idref="fl-2"/>
      </object_component>
      <object_component id="oc-142">
         <name>.debug_abbrev</name>
         <load_address>0x2ba</load_address>
         <run_address>0x2ba</run_address>
         <size>0x50</size>
         <input_file_ref idref="fl-3"/>
      </object_component>
      <object_component id="oc-38">
         <name>.debug_abbrev</name>
         <load_address>0x30a</load_address>
         <run_address>0x30a</run_address>
         <size>0x1f</size>
         <input_file_ref idref="fl-3"/>
      </object_component>
      <object_component id="oc-170">
         <name>.debug_abbrev</name>
         <load_address>0x329</load_address>
         <run_address>0x329</run_address>
         <size>0x37</size>
         <input_file_ref idref="fl-4"/>
      </object_component>
      <object_component id="oc-13b">
         <name>.debug_abbrev</name>
         <load_address>0x360</load_address>
         <run_address>0x360</run_address>
         <size>0xc8</size>
         <input_file_ref idref="fl-4"/>
      </object_component>
      <object_component id="oc-13e">
         <name>.debug_abbrev</name>
         <load_address>0x428</load_address>
         <run_address>0x428</run_address>
         <size>0x44</size>
         <input_file_ref idref="fl-4"/>
      </object_component>
      <object_component id="oc-14e">
         <name>.debug_abbrev</name>
         <load_address>0x46c</load_address>
         <run_address>0x46c</run_address>
         <size>0xb3</size>
         <input_file_ref idref="fl-5"/>
      </object_component>
      <object_component id="oc-14c">
         <name>.debug_abbrev</name>
         <load_address>0x51f</load_address>
         <run_address>0x51f</run_address>
         <size>0x29</size>
         <input_file_ref idref="fl-5"/>
      </object_component>
      <object_component id="oc-ef">
         <name>.debug_abbrev</name>
         <load_address>0x548</load_address>
         <run_address>0x548</run_address>
         <size>0xb4</size>
         <input_file_ref idref="fl-5"/>
      </object_component>
      <object_component id="oc-143">
         <name>.debug_abbrev</name>
         <load_address>0x5fc</load_address>
         <run_address>0x5fc</run_address>
         <size>0xa9</size>
         <input_file_ref idref="fl-7"/>
      </object_component>
      <object_component id="oc-6e">
         <name>.debug_abbrev</name>
         <load_address>0x6a5</load_address>
         <run_address>0x6a5</run_address>
         <size>0x68</size>
         <input_file_ref idref="fl-8"/>
      </object_component>
      <object_component id="oc-2d">
         <name>.debug_abbrev</name>
         <load_address>0x70d</load_address>
         <run_address>0x70d</run_address>
         <size>0x29</size>
         <input_file_ref idref="fl-8"/>
      </object_component>
      <object_component id="oc-6d">
         <name>.debug_abbrev</name>
         <load_address>0x736</load_address>
         <run_address>0x736</run_address>
         <size>0x79</size>
         <input_file_ref idref="fl-8"/>
      </object_component>
      <object_component id="oc-174">
         <name>.debug_abbrev</name>
         <load_address>0x7af</load_address>
         <run_address>0x7af</run_address>
         <size>0x58</size>
         <input_file_ref idref="fl-9"/>
      </object_component>
      <object_component id="oc-172">
         <name>.debug_abbrev</name>
         <load_address>0x807</load_address>
         <run_address>0x807</run_address>
         <size>0x27</size>
         <input_file_ref idref="fl-9"/>
      </object_component>
      <object_component id="oc-147">
         <name>.debug_abbrev</name>
         <load_address>0x82e</load_address>
         <run_address>0x82e</run_address>
         <size>0xb4</size>
         <input_file_ref idref="fl-9"/>
      </object_component>
      <object_component id="oc-80">
         <name>.debug_abbrev</name>
         <load_address>0x8e2</load_address>
         <run_address>0x8e2</run_address>
         <size>0x3e</size>
         <input_file_ref idref="fl-c4"/>
      </object_component>
      <object_component id="oc-86">
         <name>.debug_abbrev</name>
         <load_address>0x920</load_address>
         <run_address>0x920</run_address>
         <size>0x37</size>
         <input_file_ref idref="fl-c6"/>
      </object_component>
      <object_component id="oc-40">
         <name>.debug_abbrev</name>
         <load_address>0x957</load_address>
         <run_address>0x957</run_address>
         <size>0x74</size>
         <input_file_ref idref="fl-c6"/>
      </object_component>
      <object_component id="oc-43">
         <name>.debug_abbrev</name>
         <load_address>0x9cb</load_address>
         <run_address>0x9cb</run_address>
         <size>0x24</size>
         <input_file_ref idref="fl-c6"/>
      </object_component>
      <object_component id="oc-83">
         <name>.debug_abbrev</name>
         <load_address>0x9ef</load_address>
         <run_address>0x9ef</run_address>
         <size>0x24</size>
         <input_file_ref idref="fl-c6"/>
      </object_component>
      <object_component id="oc-bd">
         <name>.debug_abbrev</name>
         <load_address>0xa13</load_address>
         <run_address>0xa13</run_address>
         <size>0x37</size>
         <input_file_ref idref="fl-c7"/>
      </object_component>
      <object_component id="oc-30">
         <name>.debug_abbrev</name>
         <load_address>0xa4a</load_address>
         <run_address>0xa4a</run_address>
         <size>0x6f</size>
         <input_file_ref idref="fl-c7"/>
      </object_component>
      <object_component id="oc-33">
         <name>.debug_abbrev</name>
         <load_address>0xab9</load_address>
         <run_address>0xab9</run_address>
         <size>0x24</size>
         <input_file_ref idref="fl-c7"/>
      </object_component>
      <object_component id="oc-ba">
         <name>.debug_abbrev</name>
         <load_address>0xadd</load_address>
         <run_address>0xadd</run_address>
         <size>0x35</size>
         <input_file_ref idref="fl-c7"/>
      </object_component>
      <object_component id="oc-7c">
         <name>.debug_abbrev</name>
         <load_address>0xb12</load_address>
         <run_address>0xb12</run_address>
         <size>0x24</size>
         <input_file_ref idref="fl-c7"/>
      </object_component>
      <object_component id="oc-176">
         <name>.debug_abbrev</name>
         <load_address>0xb36</load_address>
         <run_address>0xb36</run_address>
         <size>0x2e</size>
         <input_file_ref idref="fl-c8"/>
      </object_component>
      <object_component id="oc-14a">
         <name>.debug_abbrev</name>
         <load_address>0xb64</load_address>
         <run_address>0xb64</run_address>
         <size>0x71</size>
         <input_file_ref idref="fl-c8"/>
      </object_component>
      <object_component id="oc-6b">
         <name>.debug_abbrev</name>
         <load_address>0xbd5</load_address>
         <run_address>0xbd5</run_address>
         <size>0x29</size>
         <input_file_ref idref="fl-c9"/>
      </object_component>
      <object_component id="oc-a4">
         <name>.debug_abbrev</name>
         <load_address>0xbfe</load_address>
         <run_address>0xbfe</run_address>
         <size>0x55</size>
         <input_file_ref idref="fl-c9"/>
      </object_component>
      <object_component id="oc-186">
         <name>.debug_abbrev</name>
         <load_address>0xc53</load_address>
         <run_address>0xc53</run_address>
         <size>0xc0</size>
         <input_file_ref idref="fl-cb"/>
      </object_component>
      <object_component id="oc-15a">
         <name>.debug_abbrev</name>
         <load_address>0xd13</load_address>
         <run_address>0xd13</run_address>
         <size>0x7e</size>
         <input_file_ref idref="fl-cb"/>
      </object_component>
      <object_component id="oc-18a">
         <name>.debug_abbrev</name>
         <load_address>0xd91</load_address>
         <run_address>0xd91</run_address>
         <size>0x24</size>
         <input_file_ref idref="fl-cb"/>
      </object_component>
      <object_component id="oc-19e">
         <name>.debug_abbrev</name>
         <load_address>0xdb5</load_address>
         <run_address>0xdb5</run_address>
         <size>0x24</size>
         <input_file_ref idref="fl-cb"/>
      </object_component>
      <object_component id="oc-18f">
         <name>.debug_abbrev</name>
         <load_address>0xdd9</load_address>
         <run_address>0xdd9</run_address>
         <size>0x24</size>
         <input_file_ref idref="fl-cb"/>
      </object_component>
      <object_component id="oc-194">
         <name>.debug_abbrev</name>
         <load_address>0xdfd</load_address>
         <run_address>0xdfd</run_address>
         <size>0x4b</size>
         <input_file_ref idref="fl-cb"/>
      </object_component>
      <object_component id="oc-c7">
         <name>.debug_abbrev</name>
         <load_address>0xe48</load_address>
         <run_address>0xe48</run_address>
         <size>0x55</size>
         <input_file_ref idref="fl-cc"/>
      </object_component>
      <object_component id="oc-150">
         <name>.debug_abbrev</name>
         <load_address>0xe9d</load_address>
         <run_address>0xe9d</run_address>
         <size>0x45</size>
         <input_file_ref idref="fl-ce"/>
      </object_component>
      <object_component id="oc-1d7">
         <name>.debug_abbrev</name>
         <load_address>0xee2</load_address>
         <run_address>0xee2</run_address>
         <size>0xf</size>
      </object_component>
      <object_component id="oc-74">
         <name>.debug_str</name>
         <load_address>0x0</load_address>
         <run_address>0x0</run_address>
         <size>0x2c5</size>
         <input_file_ref idref="fl-2"/>
      </object_component>
      <object_component id="oc-f5">
         <name>.debug_str</name>
         <load_address>0x2c5</load_address>
         <run_address>0x2c5</run_address>
         <size>0xf0</size>
         <input_file_ref idref="fl-2"/>
      </object_component>
      <object_component id="oc-b6">
         <name>.debug_str</name>
         <load_address>0x3b5</load_address>
         <run_address>0x3b5</run_address>
         <size>0xfd</size>
         <input_file_ref idref="fl-2"/>
      </object_component>
      <object_component id="oc-b1">
         <name>.debug_str</name>
         <load_address>0x4b2</load_address>
         <run_address>0x4b2</run_address>
         <size>0x35b</size>
         <input_file_ref idref="fl-2"/>
      </object_component>
      <object_component id="oc-79">
         <name>.debug_str</name>
         <load_address>0x80d</load_address>
         <run_address>0x80d</run_address>
         <size>0x15d</size>
         <input_file_ref idref="fl-2"/>
      </object_component>
      <object_component id="oc-13a">
         <name>.debug_str</name>
         <load_address>0x96a</load_address>
         <run_address>0x96a</run_address>
         <size>0x10b</size>
         <input_file_ref idref="fl-2"/>
      </object_component>
      <object_component id="oc-3a">
         <name>.debug_str</name>
         <load_address>0xa75</load_address>
         <run_address>0xa75</run_address>
         <size>0xfd</size>
         <input_file_ref idref="fl-3"/>
      </object_component>
      <object_component id="oc-140">
         <name>.debug_str</name>
         <load_address>0xb72</load_address>
         <run_address>0xb72</run_address>
         <size>0xe1</size>
         <input_file_ref idref="fl-4"/>
      </object_component>
      <object_component id="oc-45">
         <name>.debug_str</name>
         <load_address>0xc53</load_address>
         <run_address>0xc53</run_address>
         <size>0x10b</size>
         <input_file_ref idref="fl-c6"/>
      </object_component>
      <object_component id="oc-85">
         <name>.debug_str</name>
         <load_address>0xd5e</load_address>
         <run_address>0xd5e</run_address>
         <size>0x140</size>
         <input_file_ref idref="fl-c6"/>
      </object_component>
      <object_component id="oc-35">
         <name>.debug_str</name>
         <load_address>0xe9e</load_address>
         <run_address>0xe9e</run_address>
         <size>0x118</size>
         <input_file_ref idref="fl-c7"/>
      </object_component>
      <object_component id="oc-bc">
         <name>.debug_str</name>
         <load_address>0xfb6</load_address>
         <run_address>0xfb6</run_address>
         <size>0x16b</size>
         <input_file_ref idref="fl-c7"/>
      </object_component>
      <object_component id="oc-7e">
         <name>.debug_str</name>
         <load_address>0x1121</load_address>
         <run_address>0x1121</run_address>
         <size>0x158</size>
         <input_file_ref idref="fl-c7"/>
      </object_component>
      <object_component id="oc-18c">
         <name>.debug_str</name>
         <load_address>0x1279</load_address>
         <run_address>0x1279</run_address>
         <size>0xed</size>
         <input_file_ref idref="fl-cb"/>
      </object_component>
      <object_component id="oc-1a0">
         <name>.debug_str</name>
         <load_address>0x1366</load_address>
         <run_address>0x1366</run_address>
         <size>0x157</size>
         <input_file_ref idref="fl-cb"/>
      </object_component>
      <object_component id="oc-191">
         <name>.debug_str</name>
         <load_address>0x14bd</load_address>
         <run_address>0x14bd</run_address>
         <size>0x150</size>
         <input_file_ref idref="fl-cb"/>
      </object_component>
      <object_component id="oc-196">
         <name>.debug_str</name>
         <load_address>0x160d</load_address>
         <run_address>0x160d</run_address>
         <size>0x197</size>
         <input_file_ref idref="fl-cb"/>
      </object_component>
      <object_component id="oc-e2">
         <name>.debug_aranges</name>
         <load_address>0x0</load_address>
         <run_address>0x0</run_address>
         <size>0x48</size>
         <input_file_ref idref="fl-2"/>
      </object_component>
      <object_component id="oc-d0">
         <name>.debug_aranges</name>
         <load_address>0x48</load_address>
         <run_address>0x48</run_address>
         <size>0x28</size>
         <input_file_ref idref="fl-3"/>
      </object_component>
      <object_component id="oc-cb">
         <name>.debug_aranges</name>
         <load_address>0x70</load_address>
         <run_address>0x70</run_address>
         <size>0xe0</size>
         <input_file_ref idref="fl-4"/>
      </object_component>
      <object_component id="oc-9f">
         <name>.debug_aranges</name>
         <load_address>0x150</load_address>
         <run_address>0x150</run_address>
         <size>0x60</size>
         <input_file_ref idref="fl-5"/>
      </object_component>
      <object_component id="oc-d6">
         <name>.debug_aranges</name>
         <load_address>0x1b0</load_address>
         <run_address>0x1b0</run_address>
         <size>0x40</size>
         <input_file_ref idref="fl-7"/>
      </object_component>
      <object_component id="oc-2a">
         <name>.debug_aranges</name>
         <load_address>0x1f0</load_address>
         <run_address>0x1f0</run_address>
         <size>0x38</size>
         <input_file_ref idref="fl-8"/>
      </object_component>
      <object_component id="oc-db">
         <name>.debug_aranges</name>
         <load_address>0x228</load_address>
         <run_address>0x228</run_address>
         <size>0x68</size>
         <input_file_ref idref="fl-9"/>
      </object_component>
      <object_component id="oc-3c">
         <name>.debug_aranges</name>
         <load_address>0x290</load_address>
         <run_address>0x290</run_address>
         <size>0x20</size>
         <input_file_ref idref="fl-c4"/>
      </object_component>
      <object_component id="oc-1c">
         <name>.debug_aranges</name>
         <load_address>0x2b0</load_address>
         <run_address>0x2b0</run_address>
         <size>0x20</size>
         <input_file_ref idref="fl-c6"/>
      </object_component>
      <object_component id="oc-18">
         <name>.debug_aranges</name>
         <load_address>0x2d0</load_address>
         <run_address>0x2d0</run_address>
         <size>0x20</size>
         <input_file_ref idref="fl-c7"/>
      </object_component>
      <object_component id="oc-e8">
         <name>.debug_aranges</name>
         <load_address>0x2f0</load_address>
         <run_address>0x2f0</run_address>
         <size>0x20</size>
         <input_file_ref idref="fl-c8"/>
      </object_component>
      <object_component id="oc-5b">
         <name>.debug_aranges</name>
         <load_address>0x310</load_address>
         <run_address>0x310</run_address>
         <size>0x20</size>
         <input_file_ref idref="fl-c9"/>
      </object_component>
      <object_component id="oc-107">
         <name>.debug_aranges</name>
         <load_address>0x330</load_address>
         <run_address>0x330</run_address>
         <size>0x20</size>
         <input_file_ref idref="fl-cb"/>
      </object_component>
      <object_component id="oc-98">
         <name>.debug_aranges</name>
         <load_address>0x350</load_address>
         <run_address>0x350</run_address>
         <size>0x20</size>
         <input_file_ref idref="fl-cc"/>
      </object_component>
      <object_component id="oc-f8">
         <name>.debug_aranges</name>
         <load_address>0x370</load_address>
         <run_address>0x370</run_address>
         <size>0x20</size>
         <input_file_ref idref="fl-ce"/>
      </object_component>
      <object_component id="oc-e3">
         <name>.debug_pubnames</name>
         <load_address>0x0</load_address>
         <run_address>0x0</run_address>
         <size>0x77</size>
         <input_file_ref idref="fl-2"/>
      </object_component>
      <object_component id="oc-d1">
         <name>.debug_pubnames</name>
         <load_address>0x77</load_address>
         <run_address>0x77</run_address>
         <size>0x48</size>
         <input_file_ref idref="fl-3"/>
      </object_component>
      <object_component id="oc-ca">
         <name>.debug_pubnames</name>
         <load_address>0xbf</load_address>
         <run_address>0xbf</run_address>
         <size>0x25d</size>
         <input_file_ref idref="fl-4"/>
      </object_component>
      <object_component id="oc-ee">
         <name>.debug_pubnames</name>
         <load_address>0x31c</load_address>
         <run_address>0x31c</run_address>
         <size>0x1b</size>
         <input_file_ref idref="fl-5"/>
      </object_component>
      <object_component id="oc-9e">
         <name>.debug_pubnames</name>
         <load_address>0x337</load_address>
         <run_address>0x337</run_address>
         <size>0x9a</size>
         <input_file_ref idref="fl-5"/>
      </object_component>
      <object_component id="oc-d7">
         <name>.debug_pubnames</name>
         <load_address>0x3d1</load_address>
         <run_address>0x3d1</run_address>
         <size>0x66</size>
         <input_file_ref idref="fl-7"/>
      </object_component>
      <object_component id="oc-14">
         <name>.debug_pubnames</name>
         <load_address>0x437</load_address>
         <run_address>0x437</run_address>
         <size>0x23</size>
         <input_file_ref idref="fl-8"/>
      </object_component>
      <object_component id="oc-2b">
         <name>.debug_pubnames</name>
         <load_address>0x45a</load_address>
         <run_address>0x45a</run_address>
         <size>0x4c</size>
         <input_file_ref idref="fl-8"/>
      </object_component>
      <object_component id="oc-146">
         <name>.debug_pubnames</name>
         <load_address>0x4a6</load_address>
         <run_address>0x4a6</run_address>
         <size>0x1e</size>
         <input_file_ref idref="fl-9"/>
      </object_component>
      <object_component id="oc-dd">
         <name>.debug_pubnames</name>
         <load_address>0x4c4</load_address>
         <run_address>0x4c4</run_address>
         <size>0xb6</size>
         <input_file_ref idref="fl-9"/>
      </object_component>
      <object_component id="oc-3e">
         <name>.debug_pubnames</name>
         <load_address>0x57a</load_address>
         <run_address>0x57a</run_address>
         <size>0x1d</size>
         <input_file_ref idref="fl-c4"/>
      </object_component>
      <object_component id="oc-20">
         <name>.debug_pubnames</name>
         <load_address>0x597</load_address>
         <run_address>0x597</run_address>
         <size>0x2b</size>
         <input_file_ref idref="fl-c6"/>
      </object_component>
      <object_component id="oc-17">
         <name>.debug_pubnames</name>
         <load_address>0x5c2</load_address>
         <run_address>0x5c2</run_address>
         <size>0x2b</size>
         <input_file_ref idref="fl-c7"/>
      </object_component>
      <object_component id="oc-ea">
         <name>.debug_pubnames</name>
         <load_address>0x5ed</load_address>
         <run_address>0x5ed</run_address>
         <size>0x1d</size>
         <input_file_ref idref="fl-c8"/>
      </object_component>
      <object_component id="oc-26">
         <name>.debug_pubnames</name>
         <load_address>0x60a</load_address>
         <run_address>0x60a</run_address>
         <size>0x1e</size>
         <input_file_ref idref="fl-c9"/>
      </object_component>
      <object_component id="oc-5c">
         <name>.debug_pubnames</name>
         <load_address>0x628</load_address>
         <run_address>0x628</run_address>
         <size>0x26</size>
         <input_file_ref idref="fl-c9"/>
      </object_component>
      <object_component id="oc-106">
         <name>.debug_pubnames</name>
         <load_address>0x64e</load_address>
         <run_address>0x64e</run_address>
         <size>0x35</size>
         <input_file_ref idref="fl-cb"/>
      </object_component>
      <object_component id="oc-99">
         <name>.debug_pubnames</name>
         <load_address>0x683</load_address>
         <run_address>0x683</run_address>
         <size>0x27</size>
         <input_file_ref idref="fl-cc"/>
      </object_component>
      <object_component id="oc-f9">
         <name>.debug_pubnames</name>
         <load_address>0x6aa</load_address>
         <run_address>0x6aa</run_address>
         <size>0x1c</size>
         <input_file_ref idref="fl-ce"/>
      </object_component>
      <object_component id="oc-71">
         <name>.debug_pubtypes</name>
         <load_address>0x0</load_address>
         <run_address>0x0</run_address>
         <size>0x25c</size>
         <input_file_ref idref="fl-2"/>
      </object_component>
      <object_component id="oc-f2">
         <name>.debug_pubtypes</name>
         <load_address>0x25c</load_address>
         <run_address>0x25c</run_address>
         <size>0x2f</size>
         <input_file_ref idref="fl-2"/>
      </object_component>
      <object_component id="oc-b3">
         <name>.debug_pubtypes</name>
         <load_address>0x28b</load_address>
         <run_address>0x28b</run_address>
         <size>0xff</size>
         <input_file_ref idref="fl-2"/>
      </object_component>
      <object_component id="oc-ae">
         <name>.debug_pubtypes</name>
         <load_address>0x38a</load_address>
         <run_address>0x38a</run_address>
         <size>0x330</size>
         <input_file_ref idref="fl-2"/>
      </object_component>
      <object_component id="oc-76">
         <name>.debug_pubtypes</name>
         <load_address>0x6ba</load_address>
         <run_address>0x6ba</run_address>
         <size>0xaa</size>
         <input_file_ref idref="fl-2"/>
      </object_component>
      <object_component id="oc-137">
         <name>.debug_pubtypes</name>
         <load_address>0x764</load_address>
         <run_address>0x764</run_address>
         <size>0x1f</size>
         <input_file_ref idref="fl-2"/>
      </object_component>
      <object_component id="oc-37">
         <name>.debug_pubtypes</name>
         <load_address>0x783</load_address>
         <run_address>0x783</run_address>
         <size>0xed</size>
         <input_file_ref idref="fl-3"/>
      </object_component>
      <object_component id="oc-13d">
         <name>.debug_pubtypes</name>
         <load_address>0x870</load_address>
         <run_address>0x870</run_address>
         <size>0x25</size>
         <input_file_ref idref="fl-4"/>
      </object_component>
      <object_component id="oc-42">
         <name>.debug_pubtypes</name>
         <load_address>0x895</load_address>
         <run_address>0x895</run_address>
         <size>0x48</size>
         <input_file_ref idref="fl-c6"/>
      </object_component>
      <object_component id="oc-82">
         <name>.debug_pubtypes</name>
         <load_address>0x8dd</load_address>
         <run_address>0x8dd</run_address>
         <size>0x1d</size>
         <input_file_ref idref="fl-c6"/>
      </object_component>
      <object_component id="oc-32">
         <name>.debug_pubtypes</name>
         <load_address>0x8fa</load_address>
         <run_address>0x8fa</run_address>
         <size>0x5d</size>
         <input_file_ref idref="fl-c7"/>
      </object_component>
      <object_component id="oc-b9">
         <name>.debug_pubtypes</name>
         <load_address>0x957</load_address>
         <run_address>0x957</run_address>
         <size>0x48</size>
         <input_file_ref idref="fl-c7"/>
      </object_component>
      <object_component id="oc-7b">
         <name>.debug_pubtypes</name>
         <load_address>0x99f</load_address>
         <run_address>0x99f</run_address>
         <size>0x35</size>
         <input_file_ref idref="fl-c7"/>
      </object_component>
      <object_component id="oc-189">
         <name>.debug_pubtypes</name>
         <load_address>0x9d4</load_address>
         <run_address>0x9d4</run_address>
         <size>0x32</size>
         <input_file_ref idref="fl-cb"/>
      </object_component>
      <object_component id="oc-19d">
         <name>.debug_pubtypes</name>
         <load_address>0xa06</load_address>
         <run_address>0xa06</run_address>
         <size>0x30</size>
         <input_file_ref idref="fl-cb"/>
      </object_component>
      <object_component id="oc-18e">
         <name>.debug_pubtypes</name>
         <load_address>0xa36</load_address>
         <run_address>0xa36</run_address>
         <size>0x2c</size>
         <input_file_ref idref="fl-cb"/>
      </object_component>
      <object_component id="oc-193">
         <name>.debug_pubtypes</name>
         <load_address>0xa62</load_address>
         <run_address>0xa62</run_address>
         <size>0x50</size>
         <input_file_ref idref="fl-cb"/>
      </object_component>
   </object_component_list>
   <logical_group_list>
      <logical_group id="lg-3" display="no" color="cyan">
         <name>.intvecs</name>
         <load_address>0x0</load_address>
         <run_address>0x0</run_address>
         <size>0x26c</size>
         <contents>
            <object_component_ref idref="oc-12"/>
         </contents>
      </logical_group>
      <logical_group id="lg-4" display="no" color="cyan">
         <name>.text</name>
         <load_address>0x26c</load_address>
         <run_address>0x26c</run_address>
         <size>0x1956</size>
         <contents>
            <object_component_ref idref="oc-c8"/>
            <object_component_ref idref="oc-9b"/>
            <object_component_ref idref="oc-e0"/>
            <object_component_ref idref="oc-da"/>
            <object_component_ref idref="oc-d4"/>
            <object_component_ref idref="oc-3b"/>
            <object_component_ref idref="oc-15"/>
            <object_component_ref idref="oc-102"/>
            <object_component_ref idref="oc-59"/>
            <object_component_ref idref="oc-ce"/>
            <object_component_ref idref="oc-e6"/>
            <object_component_ref idref="oc-1b"/>
            <object_component_ref idref="oc-27"/>
            <object_component_ref idref="oc-95"/>
            <object_component_ref idref="oc-f6"/>
         </contents>
      </logical_group>
      <logical_group id="lg-5" display="no" color="cyan">
         <name>.const</name>
         <load_address>0x1bc2</load_address>
         <run_address>0x1bc2</run_address>
         <size>0x11</size>
         <contents>
            <object_component_ref idref="oc-144"/>
         </contents>
      </logical_group>
      <logical_group id="lg-6" display="no" color="cyan">
         <name>.cinit</name>
         <load_address>0x1bd8</load_address>
         <run_address>0x1bd8</run_address>
         <size>0x18</size>
         <contents>
            <object_component_ref idref="oc-1d1"/>
            <object_component_ref idref="oc-1d3"/>
            <object_component_ref idref="oc-1d2"/>
         </contents>
      </logical_group>
      <logical_group id="lg-7" display="no" color="cyan">
         <name>.pinit</name>
         <run_address>0x0</run_address>
         <size>0x0</size>
         <contents>
         </contents>
      </logical_group>
      <logical_group id="lg-8" display="no" color="cyan">
         <name>.init_array</name>
         <run_address>0x0</run_address>
         <size>0x0</size>
         <contents>
         </contents>
      </logical_group>
      <logical_group id="lg-9" display="no" color="cyan">
         <name>.vtable</name>
         <run_address>0x0</run_address>
         <size>0x0</size>
         <contents>
         </contents>
      </logical_group>
      <logical_group id="lg-a" display="no" color="cyan">
         <name>.data</name>
         <run_address>0x20000200</run_address>
         <size>0x1</size>
         <contents>
            <object_component_ref idref="oc-ec"/>
         </contents>
      </logical_group>
      <logical_group id="lg-b" display="no" color="cyan">
         <name>.bss</name>
         <run_address>0x0</run_address>
         <size>0x0</size>
         <contents>
         </contents>
      </logical_group>
      <logical_group id="lg-c" display="no" color="cyan">
         <name>.sysmem</name>
         <run_address>0x0</run_address>
         <size>0x0</size>
         <contents>
         </contents>
      </logical_group>
      <logical_group id="lg-d" display="no" color="cyan">
         <name>.stack</name>
         <run_address>0x20000000</run_address>
         <size>0x200</size>
         <contents>
            <object_component_ref idref="oc-24"/>
            <object_component_ref idref="oc-1d5"/>
         </contents>
      </logical_group>
      <logical_group id="lg-1a8" display="no" color="cyan">
         <name>.TI.noinit</name>
         <run_address>0x0</run_address>
         <size>0x0</size>
         <contents>
         </contents>
      </logical_group>
      <logical_group id="lg-1a9" display="no" color="cyan">
         <name>.TI.persistent</name>
         <run_address>0x0</run_address>
         <size>0x0</size>
         <contents>
         </contents>
      </logical_group>
      <logical_group id="lg-1aa" display="no" color="cyan">
         <name>__llvm_prf_cnts</name>
         <run_address>0x20000000</run_address>
         <size>0x0</size>
         <contents>
         </contents>
      </logical_group>
      <logical_group id="lg-1b9" display="never" color="cyan">
         <name>.debug_info</name>
         <load_address>0x0</load_address>
         <run_address>0x0</run_address>
         <size>0x6a4a</size>
         <contents>
            <object_component_ref idref="oc-b7"/>
            <object_component_ref idref="oc-e1"/>
            <object_component_ref idref="oc-70"/>
            <object_component_ref idref="oc-f1"/>
            <object_component_ref idref="oc-b2"/>
            <object_component_ref idref="oc-ad"/>
            <object_component_ref idref="oc-75"/>
            <object_component_ref idref="oc-136"/>
            <object_component_ref idref="oc-cf"/>
            <object_component_ref idref="oc-36"/>
            <object_component_ref idref="oc-141"/>
            <object_component_ref idref="oc-c9"/>
            <object_component_ref idref="oc-13c"/>
            <object_component_ref idref="oc-f0"/>
            <object_component_ref idref="oc-ed"/>
            <object_component_ref idref="oc-9d"/>
            <object_component_ref idref="oc-d5"/>
            <object_component_ref idref="oc-2f"/>
            <object_component_ref idref="oc-13"/>
            <object_component_ref idref="oc-29"/>
            <object_component_ref idref="oc-148"/>
            <object_component_ref idref="oc-145"/>
            <object_component_ref idref="oc-dc"/>
            <object_component_ref idref="oc-3d"/>
            <object_component_ref idref="oc-46"/>
            <object_component_ref idref="oc-1f"/>
            <object_component_ref idref="oc-41"/>
            <object_component_ref idref="oc-81"/>
            <object_component_ref idref="oc-7f"/>
            <object_component_ref idref="oc-16"/>
            <object_component_ref idref="oc-31"/>
            <object_component_ref idref="oc-b8"/>
            <object_component_ref idref="oc-7a"/>
            <object_component_ref idref="oc-14b"/>
            <object_component_ref idref="oc-e9"/>
            <object_component_ref idref="oc-25"/>
            <object_component_ref idref="oc-5a"/>
            <object_component_ref idref="oc-15b"/>
            <object_component_ref idref="oc-105"/>
            <object_component_ref idref="oc-188"/>
            <object_component_ref idref="oc-19c"/>
            <object_component_ref idref="oc-18d"/>
            <object_component_ref idref="oc-192"/>
            <object_component_ref idref="oc-97"/>
            <object_component_ref idref="oc-f7"/>
            <object_component_ref idref="oc-1d6"/>
         </contents>
      </logical_group>
      <logical_group id="lg-1bb" display="never" color="cyan">
         <name>.debug_line</name>
         <load_address>0x0</load_address>
         <run_address>0x0</run_address>
         <size>0x18dd</size>
         <contents>
            <object_component_ref idref="oc-135"/>
            <object_component_ref idref="oc-e4"/>
            <object_component_ref idref="oc-73"/>
            <object_component_ref idref="oc-f4"/>
            <object_component_ref idref="oc-b5"/>
            <object_component_ref idref="oc-b0"/>
            <object_component_ref idref="oc-78"/>
            <object_component_ref idref="oc-139"/>
            <object_component_ref idref="oc-d2"/>
            <object_component_ref idref="oc-39"/>
            <object_component_ref idref="oc-171"/>
            <object_component_ref idref="oc-cc"/>
            <object_component_ref idref="oc-13f"/>
            <object_component_ref idref="oc-14f"/>
            <object_component_ref idref="oc-14d"/>
            <object_component_ref idref="oc-9c"/>
            <object_component_ref idref="oc-d8"/>
            <object_component_ref idref="oc-6f"/>
            <object_component_ref idref="oc-2e"/>
            <object_component_ref idref="oc-2c"/>
            <object_component_ref idref="oc-175"/>
            <object_component_ref idref="oc-173"/>
            <object_component_ref idref="oc-df"/>
            <object_component_ref idref="oc-3f"/>
            <object_component_ref idref="oc-87"/>
            <object_component_ref idref="oc-1e"/>
            <object_component_ref idref="oc-44"/>
            <object_component_ref idref="oc-84"/>
            <object_component_ref idref="oc-be"/>
            <object_component_ref idref="oc-1a"/>
            <object_component_ref idref="oc-34"/>
            <object_component_ref idref="oc-bb"/>
            <object_component_ref idref="oc-7d"/>
            <object_component_ref idref="oc-177"/>
            <object_component_ref idref="oc-eb"/>
            <object_component_ref idref="oc-6c"/>
            <object_component_ref idref="oc-5d"/>
            <object_component_ref idref="oc-187"/>
            <object_component_ref idref="oc-104"/>
            <object_component_ref idref="oc-18b"/>
            <object_component_ref idref="oc-19f"/>
            <object_component_ref idref="oc-190"/>
            <object_component_ref idref="oc-195"/>
            <object_component_ref idref="oc-9a"/>
            <object_component_ref idref="oc-fa"/>
         </contents>
      </logical_group>
      <logical_group id="lg-1bd" display="never" color="cyan">
         <name>.debug_frame</name>
         <load_address>0x0</load_address>
         <run_address>0x0</run_address>
         <size>0x9f4</size>
         <contents>
            <object_component_ref idref="oc-e5"/>
            <object_component_ref idref="oc-d3"/>
            <object_component_ref idref="oc-cd"/>
            <object_component_ref idref="oc-a0"/>
            <object_component_ref idref="oc-d9"/>
            <object_component_ref idref="oc-28"/>
            <object_component_ref idref="oc-de"/>
            <object_component_ref idref="oc-1d"/>
            <object_component_ref idref="oc-19"/>
            <object_component_ref idref="oc-e7"/>
            <object_component_ref idref="oc-5e"/>
            <object_component_ref idref="oc-103"/>
            <object_component_ref idref="oc-96"/>
            <object_component_ref idref="oc-fb"/>
         </contents>
      </logical_group>
      <logical_group id="lg-1bf" display="never" color="cyan">
         <name>.debug_abbrev</name>
         <load_address>0x0</load_address>
         <run_address>0x0</run_address>
         <size>0xef1</size>
         <contents>
            <object_component_ref idref="oc-134"/>
            <object_component_ref idref="oc-149"/>
            <object_component_ref idref="oc-72"/>
            <object_component_ref idref="oc-f3"/>
            <object_component_ref idref="oc-b4"/>
            <object_component_ref idref="oc-af"/>
            <object_component_ref idref="oc-77"/>
            <object_component_ref idref="oc-138"/>
            <object_component_ref idref="oc-142"/>
            <object_component_ref idref="oc-38"/>
            <object_component_ref idref="oc-170"/>
            <object_component_ref idref="oc-13b"/>
            <object_component_ref idref="oc-13e"/>
            <object_component_ref idref="oc-14e"/>
            <object_component_ref idref="oc-14c"/>
            <object_component_ref idref="oc-ef"/>
            <object_component_ref idref="oc-143"/>
            <object_component_ref idref="oc-6e"/>
            <object_component_ref idref="oc-2d"/>
            <object_component_ref idref="oc-6d"/>
            <object_component_ref idref="oc-174"/>
            <object_component_ref idref="oc-172"/>
            <object_component_ref idref="oc-147"/>
            <object_component_ref idref="oc-80"/>
            <object_component_ref idref="oc-86"/>
            <object_component_ref idref="oc-40"/>
            <object_component_ref idref="oc-43"/>
            <object_component_ref idref="oc-83"/>
            <object_component_ref idref="oc-bd"/>
            <object_component_ref idref="oc-30"/>
            <object_component_ref idref="oc-33"/>
            <object_component_ref idref="oc-ba"/>
            <object_component_ref idref="oc-7c"/>
            <object_component_ref idref="oc-176"/>
            <object_component_ref idref="oc-14a"/>
            <object_component_ref idref="oc-6b"/>
            <object_component_ref idref="oc-a4"/>
            <object_component_ref idref="oc-186"/>
            <object_component_ref idref="oc-15a"/>
            <object_component_ref idref="oc-18a"/>
            <object_component_ref idref="oc-19e"/>
            <object_component_ref idref="oc-18f"/>
            <object_component_ref idref="oc-194"/>
            <object_component_ref idref="oc-c7"/>
            <object_component_ref idref="oc-150"/>
            <object_component_ref idref="oc-1d7"/>
         </contents>
      </logical_group>
      <logical_group id="lg-1c1" display="never" color="cyan">
         <name>.debug_str</name>
         <load_address>0x0</load_address>
         <run_address>0x0</run_address>
         <size>0x17a4</size>
         <contents>
            <object_component_ref idref="oc-74"/>
            <object_component_ref idref="oc-f5"/>
            <object_component_ref idref="oc-b6"/>
            <object_component_ref idref="oc-b1"/>
            <object_component_ref idref="oc-79"/>
            <object_component_ref idref="oc-13a"/>
[...]
            <object_component_ref idref="oc-ee"/>
            <object_component_ref idref="oc-9e"/>
            <object_component_ref idref="oc-d7"/>
            <object_component_ref idref="oc-14"/>
            <object_component_ref idref="oc-2b"/>
            <object_component_ref idref="oc-146"/>
            <object_component_ref idref="oc-dd"/>
            <object_component_ref idref="oc-3e"/>
            <object_component_ref idref="oc-20"/>
            <object_component_ref idref="oc-17"/>
            <object_component_ref idref="oc-ea"/>
            <object_component_ref idref="oc-26"/>
            <object_component_ref idref="oc-5c"/>
            <object_component_ref idref="oc-106"/>
            <object_component_ref idref="oc-99"/>
            <object_component_ref idref="oc-f9"/>
         </contents>
      </logical_group>
      <logical_group id="lg-1c7" display="never" color="cyan">
         <name>.debug_pubtypes</name>
         <load_address>0x0</load_address>
         <run_address>0x0</run_address>
         <size>0xab2</size>
         <contents>
            <object_component_ref idref="oc-71"/>
            <object_component_ref idref="oc-f2"/>
            <object_component_ref idref="oc-b3"/>
            <object_component_ref idref="oc-ae"/>
            <object_component_ref idref="oc-76"/>
            <object_component_ref idref="oc-137"/>
            <object_component_ref idref="oc-37"/>
            <object_component_ref idref="oc-13d"/>
            <object_component_ref idref="oc-42"/>
            <object_component_ref idref="oc-82"/>
            <object_component_ref idref="oc-32"/>
            <object_component_ref idref="oc-b9"/>
            <object_component_ref idref="oc-7b"/>
            <object_component_ref idref="oc-189"/>
            <object_component_ref idref="oc-19d"/>
            <object_component_ref idref="oc-18e"/>
            <object_component_ref idref="oc-193"/>
         </contents>
      </logical_group>
      <logical_group id="lg-1d4" display="no" color="cyan">
         <name>Veneer$$CMSE</name>
         <run_address>0x0</run_address>
         <size>0x0</size>
         <contents>
         </contents>
      </logical_group>
      <load_segment id="lg-1d9" display="no" color="cyan">
         <name>SEGMENT_0</name>
         <load_address>0x0</load_address>
         <run_address>0x0</run_address>
         <size>0x1bf0</size>
         <flags>0x5</flags>
         <contents>
            <logical_group_ref idref="lg-3"/>
            <logical_group_ref idref="lg-4"/>
            <logical_group_ref idref="lg-5"/>
            <logical_group_ref idref="lg-6"/>
         </contents>
      </load_segment>
      <load_segment id="lg-1da" display="no" color="cyan">
         <name>SEGMENT_1</name>
         <run_address>0x20000000</run_address>
         <size>0x201</size>
         <flags>0x6</flags>
         <contents>
            <logical_group_ref idref="lg-d"/>
            <logical_group_ref idref="lg-a"/>
         </contents>
      </load_segment>
   </logical_group_list>
   <placement_map>
      <memory_area display="yes" color="green">
         <name>FLASH</name>
         <page_id>0x0</page_id>
         <origin>0x0</origin>
         <length>0x40000</length>
         <used_space>0x1beb</used_space>
         <unused_space>0x3e415</unused_space>
         <attributes>RX</attributes>
         <usage_details>
            <allocated_space>
               <start_address>0x0</start_address>
               <size>0x26c</size>
               <logical_group_ref idref="lg-3"/>
            </allocated_space>
            <allocated_space>
               <start_address>0x26c</start_address>
               <size>0x1956</size>
               <logical_group_ref idref="lg-4"/>
            </allocated_space>
            <allocated_space>
               <start_address>0x1bc2</start_address>
               <size>0x11</size>
               <logical_group_ref idref="lg-5"/>
            </allocated_space>
            <available_space>
               <start_address>0x1bd3</start_address>
               <size>0x5</size>
            </available_space>
            <allocated_space>
               <start_address>0x1bd8</start_address>
               <size>0x18</size>
               <logical_group_ref idref="lg-6"/>
            </allocated_space>
            <available_space>
               <start_address>0x1bf0</start_address>
               <size>0x3e410</size>
            </available_space>
         </usage_details>
      </memory_area>
      <memory_area display="yes" color="green">
         <name>SRAM</name>
         <page_id>0x0</page_id>
         <origin>0x20000000</origin>
         <length>0x8000</length>
         <used_space>0x201</used_space>
         <unused_space>0x7dff</unused_space>
         <attributes>RWX</attributes>
         <usage_details>
            <allocated_space>
               <start_address>0x20000000</start_address>
               <size>0x0</size>
               <logical_group_ref idref="lg-1aa"/>
            </allocated_space>
            <allocated_space>
               <start_address>0x20000000</start_address>
               <size>0x200</size>
               <logical_group_ref idref="lg-d"/>
            </allocated_space>
            <allocated_space>
               <start_address>0x20000200</start_address>
               <size>0x1</size>
               <logical_group_ref idref="lg-a"/>
            </allocated_space>
            <available_space>
               <start_address>0x20000201</start_address>
               <size>0x7dff</size>
            </available_space>
         </usage_details>
      </memory_area>
   </placement_map>
   <cptbl_list>
      <cptbl>
         <name>__TI_cinit_table</name>
         <cprec>
            <name>.data</name>
            <load_address>0x1be0</load_address>
            <load_size>0x5</load_size>
            <run_address>0x20000200</run_address>
            <run_size>0x1</run_size>
            <compression>lzss</compression>
         </cprec>
      </cptbl>
   </cptbl_list>
   <handler_table>
      <handler_table_name>__TI_handler_table</handler_table_name>
      <handler>
         <index>0x0</index>
         <name>__TI_decompress_lzss</name>
      </handler>
      <handler>
         <index>0x1</index>
         <name>__TI_decompress_none</name>
      </handler>
   </handler_table>
   <symbol_table>
      <symbol id="sm-1">
         <name>__STACK_TOP</name>
         <value>0x20000200</value>
      </symbol>
      <symbol id="sm-2">
         <name>__start___llvm_prf_cnts</name>
         <value>0x20000000</value>
      </symbol>
      <symbol id="sm-3">
         <name>__stop___llvm_prf_cnts</name>
         <value>0x20000000</value>
      </symbol>
      <symbol id="sm-4">
         <name>__TI_CINIT_Base</name>
         <value>0x1be8</value>
      </symbol>
      <symbol id="sm-5">
         <name>__TI_CINIT_Limit</name>
         <value>0x1bf0</value>
      </symbol>
      <symbol id="sm-6">
         <name>__TI_Handler_Table_Base</name>
         <value>0x1bd8</value>
      </symbol>
      <symbol id="sm-7">
         <name>__TI_Handler_Table_Limit</name>
         <value>0x1be0</value>
      </symbol>
      <symbol id="sm-8">
         <name>binit</name>
         <value>0xffffffff</value>
      </symbol>
      <symbol id="sm-9">
         <name>__binit__</name>
         <value>0xffffffff</value>
      </symbol>
      <symbol id="sm-a">
         <name>__STACK_SIZE</name>
         <value>0x200</value>
      </symbol>
      <symbol id="sm-b">
         <name>__STACK_END</name>
         <value>0x20000200</value>
      </symbol>
      <symbol id="sm-c">
         <name>__c_args__</name>
         <value>0xffffffff</value>
      </symbol>
      <symbol id="sm-d">
         <name>__TI_pprof_out_hndl</name>
         <value>0xffffffff</value>
      </symbol>
      <symbol id="sm-e">
         <name>__TI_prof_data_start</name>
         <value>0xffffffff</value>
      </symbol>
      <symbol id="sm-f">
         <name>__TI_prof_data_size</name>
         <value>0xffffffff</value>
      </symbol>
      <symbol id="sm-82">
         <name>getFieldFloat</name>
         <value>0x1405</value>
         <object_component_ref idref="oc-e0"/>
      </symbol>
      <symbol id="sm-83">
         <name>isCommand</name>
         <value>0x13c3</value>
         <object_component_ref idref="oc-e0"/>
      </symbol>
      <symbol id="sm-84">
         <name>getFieldString</name>
         <value>0x12bd</value>
         <object_component_ref idref="oc-e0"/>
      </symbol>
      <symbol id="sm-85">
         <name>parseFields</name>
         <value>0x1163</value>
         <object_component_ref idref="oc-e0"/>
      </symbol>
      <symbol id="sm-86">
         <name>getFieldInteger</name>
         <value>0x12f5</value>
         <object_component_ref idref="oc-e0"/>
      </symbol>
      <symbol id="sm-87">
         <name>getsUart0</name>
         <value>0x10bd</value>
         <object_component_ref idref="oc-e0"/>
      </symbol>
      <symbol id="sm-9b">
         <name>initSystemClockTo80Mhz</name>
         <value>0x1b6d</value>
         <object_component_ref idref="oc-ce"/>
      </symbol>
      <symbol id="sm-9c">
         <name>initSystemClockTo40Mhz</name>
         <value>0x1b65</value>
         <object_component_ref idref="oc-ce"/>
      </symbol>
      <symbol id="sm-117">
         <name>selectPinInterruptBothEdges</name>
         <value>0x7af</value>
         <object_component_ref idref="oc-c8"/>
      </symbol>
      <symbol id="sm-118">
         <name>getPortValue</name>
         <value>0x9e5</value>
         <object_component_ref idref="oc-c8"/>
      </symbol>
      <symbol id="sm-119">
         <name>selectPinAnalogInput</name>
         <value>0x493</value>
         <object_component_ref idref="oc-c8"/>
      </symbol>
      <symbol id="sm-11a">
         <name>clearPinInterrupt</name>
         <value>0x8c1</value>
         <object_component_ref idref="oc-c8"/>
      </symbol>
      <symbol id="sm-11b">
         <name>selectPinPushPullOutput</name>
         <value>0x3a9</value>
         <object_component_ref idref="oc-c8"/>
      </symbol>
      <symbol id="sm-11c">
         <name>selectPinInterruptHighLevel</name>
         <value>0x805</value>
         <object_component_ref idref="oc-c8"/>
      </symbol>
      <symbol id="sm-11d">
         <name>selectPinInterruptFallingEdge</name>
         <value>0x75f</value>
         <object_component_ref idref="oc-c8"/>
      </symbol>
      <symbol id="sm-11e">
         <name>selectPinOpenDrainOutput</name>
         <value>0x3f7</value>
         <object_component_ref idref="oc-c8"/>
      </symbol>
      <symbol id="sm-11f">
         <name>selectPinInterruptLowLevel</name>
         <value>0x83f</value>
         <object_component_ref idref="oc-c8"/>
      </symbol>
      <symbol id="sm-120">
         <name>setPortValue</name>
         <value>0x96d</value>
         <object_component_ref idref="oc-c8"/>
      </symbol>
      <symbol id="sm-121">
         <name>enablePinInterrupt</name>
         <value>0x879</value>
         <object_component_ref idref="oc-c8"/>
      </symbol>
      <symbol id="sm-122">
         <name>setPinAuxFunction</name>
         <value>0x5fd</value>
         <object_component_ref idref="oc-c8"/>
      </symbol>
      <symbol id="sm-123">
         <name>enablePort</name>
         <value>0x26d</value>
         <object_component_ref idref="oc-c8"/>
      </symbol>
      <symbol id="sm-124">
         <name>disablePinPulldown</name>
         <value>0x5d5</value>
         <object_component_ref idref="oc-c8"/>
      </symbol>
      <symbol id="sm-125">
         <name>setPinCommitControl</name>
         <value>0x4e3</value>
         <object_component_ref idref="oc-c8"/>
      </symbol>
      <symbol id="sm-126">
         <name>disablePort</name>
         <value>0x329</value>
         <object_component_ref idref="oc-c8"/>
      </symbol>
      <symbol id="sm-127">
         <name>disablePinInterrupt</name>
         <value>0x89d</value>
         <object_component_ref idref="oc-c8"/>
      </symbol>
      <symbol id="sm-128">
         <name>enablePinPullup</name>
         <value>0x55f</value>
         <object_component_ref idref="oc-c8"/>
      </symbol>
      <symbol id="sm-129">
         <name>togglePinValue</name>
         <value>0x90b</value>
         <object_component_ref idref="oc-c8"/>
      </symbol>
      <symbol id="sm-12a">
         <name>getPinValue</name>
         <value>0x92f</value>
         <object_component_ref idref="oc-c8"/>
      </symbol>
      <symbol id="sm-12b">
         <name>enablePinPulldown</name>
         <value>0x5b1</value>
         <object_component_ref idref="oc-c8"/>
      </symbol>
      <symbol id="sm-12c">
         <name>disablePinPullup</name>
         <value>0x58d</value>
         <object_component_ref idref="oc-c8"/>
      </symbol>
      <symbol id="sm-12d">
         <name>selectPinDigitalInput</name>
         <value>0x445</value>
         <object_component_ref idref="oc-c8"/>
      </symbol>
      <symbol id="sm-12e">
         <name>selectPinInterruptRisingEdge</name>
         <value>0x70f</value>
         <object_component_ref idref="oc-c8"/>
      </symbol>
      <symbol id="sm-12f">
         <name>setPinValue</name>
         <value>0x8e5</value>
         <object_component_ref idref="oc-c8"/>
      </symbol>
      <symbol id="sm-18d">
         <name>initHardware</name>
         <value>0xbd9</value>
         <object_component_ref idref="oc-9b"/>
      </symbol>
      <symbol id="sm-18e">
         <name>setServo</name>
         <value>0xb31</value>
         <object_component_ref idref="oc-9b"/>
      </symbol>
      <symbol id="sm-18f">
         <name>printCommandTable</name>
         <value>0xc43</value>
         <object_component_ref idref="oc-9b"/>
      </symbol>
      <symbol id="sm-190">
         <name>initPWM</name>
         <value>0xa75</value>
         <object_component_ref idref="oc-9b"/>
      </symbol>
      <symbol id="sm-191">
         <name>handleServo</name>
         <value>0xd59</value>
         <object_component_ref idref="oc-9b"/>
      </symbol>
      <symbol id="sm-192">
         <name>handleDC</name>
         <value>0xcc1</value>
         <object_component_ref idref="oc-9b"/>
      </symbol>
      <symbol id="sm-193">
         <name>main</name>
         <value>0xde3</value>
         <object_component_ref idref="oc-9b"/>
      </symbol>
      <symbol id="sm-194">
         <name>setHBridge</name>
         <value>0xb6f</value>
         <object_component_ref idref="oc-9b"/>
      </symbol>
      <symbol id="sm-195">
         <name>processCommand</name>
         <value>0xd95</value>
         <object_component_ref idref="oc-9b"/>
      </symbol>
      <symbol id="sm-196">
         <name>test</name>
         <value>0x20000200</value>
         <object_component_ref idref="oc-ec"/>
      </symbol>
      <symbol id="sm-1b4">
         <name>setSpi1Mode</name>
         <value>0x194f</value>
         <object_component_ref idref="oc-d4"/>
      </symbol>
      <symbol id="sm-1b5">
         <name>readSpi1Data</name>
         <value>0x19c3</value>
         <object_component_ref idref="oc-d4"/>
      </symbol>
      <symbol id="sm-1b6">
         <name>setSpi1BaudRate</name>
         <value>0x1919</value>
         <object_component_ref idref="oc-d4"/>
      </symbol>
      <symbol id="sm-1b7">
         <name>writeSpi1Data</name>
         <value>0x19ab</value>
         <object_component_ref idref="oc-d4"/>
      </symbol>
      <symbol id="sm-1b8">
         <name>initSpi1</name>
         <value>0x1889</value>
         <object_component_ref idref="oc-d4"/>
      </symbol>
      <symbol id="sm-1d4">
         <name>ResetISR</name>
         <value>0x1baf</value>
         <object_component_ref idref="oc-27"/>
      </symbol>
      <symbol id="sm-1d5">
         <name>g_pfnVectors</name>
         <value>0x0</value>
         <object_component_ref idref="oc-12"/>
      </symbol>
      <symbol id="sm-217">
         <name>getcUart0</name>
         <value>0x1649</value>
         <object_component_ref idref="oc-da"/>
      </symbol>
      <symbol id="sm-218">
         <name>kbhitUart0</name>
         <value>0x165d</value>
         <object_component_ref idref="oc-da"/>
      </symbol>
      <symbol id="sm-219">
         <name>setUart0BaudRate</name>
         <value>0x15bd</value>
         <object_component_ref idref="oc-da"/>
      </symbol>
      <symbol id="sm-21a">
         <name>puthexArrayUart0</name>
         <value>0x181d</value>
         <object_component_ref idref="oc-da"/>
      </symbol>
      <symbol id="sm-21b">
         <name>putfloatUart0</name>
         <value>0x16dd</value>
         <object_component_ref idref="oc-da"/>
      </symbol>
      <symbol id="sm-21c">
         <name>puthex8Uart0</name>
         <value>0x17e5</value>
         <object_component_ref idref="oc-da"/>
      </symbol>
      <symbol id="sm-21d">
         <name>putsUart0</name>
         <value>0x161d</value>
         <object_component_ref idref="oc-da"/>
      </symbol>
      <symbol id="sm-21e">
         <name>initUart0</name>
         <value>0x1549</value>
         <object_component_ref idref="oc-da"/>
      </symbol>
      <symbol id="sm-21f">
         <name>putcUart0</name>
         <value>0x1601</value>
         <object_component_ref idref="oc-da"/>
      </symbol>
      <symbol id="sm-220">
         <name>putintUart0</name>
         <value>0x1677</value>
         <object_component_ref idref="oc-da"/>
      </symbol>
      <symbol id="sm-23c">
         <name>memcpy</name>
         <value>0x19e9</value>
         <object_component_ref idref="oc-3b"/>
      </symbol>
      <symbol id="sm-23d">
         <name>__aeabi_memcpy</name>
         <value>0x19e9</value>
         <object_component_ref idref="oc-3b"/>
      </symbol>
      <symbol id="sm-23e">
         <name>__aeabi_memcpy8</name>
         <value>0x19e9</value>
         <object_component_ref idref="oc-3b"/>
      </symbol>
      <symbol id="sm-23f">
         <name>__aeabi_memcpy4</name>
         <value>0x19e9</value>
         <object_component_ref idref="oc-3b"/>
      </symbol>
      <symbol id="sm-257">
         <name>__TI_decompress_none</name>
         <value>0x1ba1</value>
         <object_component_ref idref="oc-1b"/>
      </symbol>
      <symbol id="sm-27a">
         <name>__TI_decompress_lzss</name>
         <value>0x1a85</value>
         <object_component_ref idref="oc-15"/>
      </symbol>
      <symbol id="sm-289">
         <name>strcmp</name>
         <value>0x1b89</value>
         <object_component_ref idref="oc-e6"/>
      </symbol>
      <symbol id="sm-29c">
         <name>__stack</name>
         <value>0x20000000</value>
         <object_component_ref idref="oc-24"/>
      </symbol>
      <symbol id="sm-29d">
         <name>_c_int00_noargs</name>
         <value>0x1b31</value>
         <object_component_ref idref="oc-59"/>
      </symbol>
      <symbol id="sm-2c6">
         <name>__TI_auto_init_nobinit_nopinit</name>
         <value>0x1aed</value>
         <object_component_ref idref="oc-102"/>
      </symbol>
      <symbol id="sm-2d0">
         <name>_system_pre_init</name>
         <value>0x1bbb</value>
         <object_component_ref idref="oc-95"/>
      </symbol>
      <symbol id="sm-2dc">
         <name>C$$EXIT</name>
         <value>0x1bbf</value>
         <object_component_ref idref="oc-f6"/>
      </symbol>
      <symbol id="sm-2dd">
         <name>abort</name>
         <value>0x1bbf</value>
         <object_component_ref idref="oc-f6"/>
      </symbol>
      <symbol id="sm-2e0">
         <name>__TI_static_base__</name>
         <value>0x0</value>
      </symbol>
      <symbol id="sm-2e3">
         <name>__mpu_init</name>
         <value>0x0</value>
      </symbol>
      <symbol id="sm-2e4">
         <name>_system_post_cinit</name>
         <value>0x0</value>
      </symbol>
   </symbol_table>
   <title>Link successful</title>
</link_info>
