******************************************************************************
                  TI ARM Linker PC v20.2.7                     
******************************************************************************
>> Linked Sat Mar 21 17:15:57 2026

OUTPUT FILE NAME:   <RC Car.out>
ENTRY POINT SYMBOL: "_c_int00_noargs"  address: 00001b31


MEMORY CONFIGURATION

         name            origin    length      used     unused   attr    fill
----------------------  --------  ---------  --------  --------  ----  --------
  FLASH                 00000000   00040000  00001beb  0003e415  R  X
  SRAM                  20000000   00008000  00000201  00007dff  RW X


SEGMENT ALLOCATION MAP

run origin  load origin   length   init length attrs members
----------  ----------- ---------- ----------- ----- -------
00000000    00000000    00001bf0   00001bf0    r-x
  00000000    00000000    0000026c   0000026c    r-- .intvecs
  0000026c    0000026c    00001956   00001956    r-x .text
  00001bc2    00001bc2    00000011   00000011    r-- .const
  00001bd8    00001bd8    00000018   00000018    r-- .cinit
20000000    20000000    00000201   00000000    rw-
  20000000    20000000    00000200   00000000    rw- .stack
  20000200    20000200    00000001   00000000    rw- .data


SECTION ALLOCATION MAP

 output                                  attributes/
section   page    origin      length       input sections
--------  ----  ----------  ----------   ----------------
.intvecs   0    00000000    0000026c     
                  00000000    0000026c     tm4c123gh6pm_startup_ccs.obj (.intvecs)

.text      0    0000026c    00001956     
                  0000026c    00000808     gpio.obj (.text)
                  00000a74    00000648     main.obj (.text)
                  000010bc    0000048c     CTI.obj (.text)
                  00001548    00000340     uart0.obj (.text)
                  00001888    00000160     spi1.obj (.text)
                  000019e8    0000009c     rtsv7M4_T_le_v4SPD16_eabi.lib : memcpy_t2.asm.obj (.text)
                  00001a84    00000068                                   : copy_decompress_lzss.c.obj (.text:decompress:lzss:__TI_decompress_lzss)
                  00001aec    00000044                                   : autoinit.c.obj (.text:__TI_auto_init_nobinit_nopinit:__TI_auto_init_nobinit_nopinit)
                  00001b30    00000034                                   : boot_cortex_m.c.obj (.text:_c_int00_noargs:_c_int00_noargs)
                  00001b64    00000024     clock80.obj (.text)
                  00001b88    00000018     rtsv7M4_T_le_v4SPD16_eabi.lib : strcmp.c.obj (.text:strcmp)
                  00001ba0    0000000e                                   : copy_decompress_none.c.obj (.text:decompress:none:__TI_decompress_none)
                  00001bae    0000000c     tm4c123gh6pm_startup_ccs.obj (.text)
                  00001bba    00000004     rtsv7M4_T_le_v4SPD16_eabi.lib : pre_init.c.obj (.text:_system_pre_init)
                  00001bbe    00000004                                   : exit.c.obj (.text:abort:abort)

.const     0    00001bc2    00000011     
                  00001bc2    00000011     uart0.obj (.const:.string:$P$T0$1)

.cinit     0    00001bd8    00000018     
                  00001bd8    00000008     (__TI_handler_table)
                  00001be0    00000005     (.cinit..data.load) [load image, compression = lzss]
                  00001be5    00000003     --HOLE-- [fill = 0]
                  00001be8    00000008     (__TI_cinit_table)

.init_array 
*          0    00000000    00000000     UNINITIALIZED

.data      0    20000200    00000001     UNINITIALIZED
                  20000200    00000001     main.obj (.data)

.stack     0    20000000    00000200     UNINITIALIZED
                  20000000    00000004     rtsv7M4_T_le_v4SPD16_eabi.lib : boot_cortex_m.c.obj (.stack)
                  20000004    000001fc     --HOLE--

__llvm_prf_cnts 
*          0    20000000    00000000     UNINITIALIZED

MODULE SUMMARY

       Module                         code   ro data   rw data
       ------                         ----   -------   -------
    .\
       gpio.obj                       2056   0         0      
       main.obj                       1608   0         1      
       CTI.obj                        1164   0         0      
       uart0.obj                      832    17        0      
       tm4c123gh6pm_startup_ccs.obj   12     620       0      
       spi1.obj                       352    0         0      
       clock80.obj                    36     0         0      
    +--+------------------------------+------+---------+---------+
       Total:                         6060   637       1      
                                                              
    C:\TI\ccs1281\ccs\tools\compiler\ti-cgt-arm_20.2.7.LTS\lib\rtsv7M4_T_le_v4SPD16_eabi.lib
       memcpy_t2.asm.obj              156    0         0      
       copy_decompress_lzss.c.obj     104    0         0      
       autoinit.c.obj                 68     0         0      
       boot_cortex_m.c.obj            52     0         0      
       strcmp.c.obj                   24     0         0      
       copy_decompress_none.c.obj     14     0         0      
       exit.c.obj                     4      0         0      
       pre_init.c.obj                 4      0         0      
    +--+------------------------------+------+---------+---------+
       Total:                         426    0         0      
                                                              
       Stack:                         0      0         512    
       Linker Generated:              0      21        0      
    +--+------------------------------+------+---------+---------+
       Grand Total:                   6486   658       513    


LINKER GENERATED COPY TABLES

__TI_cinit_table @ 00001be8 records: 1, size/record: 8, table size: 8
	.data: load addr=00001be0, load size=00000005 bytes, run addr=20000200, run size=00000001 bytes, compression=lzss


LINKER GENERATED HANDLER TABLE

__TI_handler_table @ 00001bd8 records: 2, size/record: 4, table size: 8
	index: 0, handler: __TI_decompress_lzss
	index: 1, handler: __TI_decompress_none


GLOBAL SYMBOLS: SORTED ALPHABETICALLY BY Name 

address   name                          
-------   ----                          
00001bbf  C$$EXIT                       
00001baf  ResetISR                      
20000200  __STACK_END                   
00000200  __STACK_SIZE                  
20000200  __STACK_TOP                   
00001be8  __TI_CINIT_Base               
00001bf0  __TI_CINIT_Limit              
00001bd8  __TI_Handler_Table_Base       
00001be0  __TI_Handler_Table_Limit      
00001aed  __TI_auto_init_nobinit_nopinit
00001a85  __TI_decompress_lzss          
00001ba1  __TI_decompress_none          
ffffffff  __TI_pprof_out_hndl           
ffffffff  __TI_prof_data_size           
ffffffff  __TI_prof_data_start          
00000000  __TI_static_base__            
000019e9  __aeabi_memcpy                
000019e9  __aeabi_memcpy4               
000019e9  __aeabi_memcpy8               
ffffffff  __binit__                     
ffffffff  __c_args__                    
UNDEFED   __mpu_init                    
20000000  __stack                       
20000000  __start___llvm_prf_cnts       
20000000  __stop___llvm_prf_cnts        
00001b31  _c_int00_noargs               
UNDEFED   _system_post_cinit            
00001bbb  _system_pre_init              
00001bbf  abort                         
ffffffff  binit                         
000008c1  clearPinInterrupt             
0000089d  disablePinInterrupt           
000005d5  disablePinPulldown            
0000058d  disablePinPullup              
00000329  disablePort                   
00000879  enablePinInterrupt            
000005b1  enablePinPulldown             
0000055f  enablePinPullup               
0000026d  enablePort                    
00000000  g_pfnVectors                  
00001405  getFieldFloat                 
000012f5  getFieldInteger               
000012bd  getFieldString                
0000092f  getPinValue                   
000009e5  getPortValue                  
00001649  getcUart0                     
000010bd  getsUart0                     
00000cc1  handleDC                      
00000d59  handleServo                   
00000bd9  initHardware                  
00000a75  initPWM                       
00001889  initSpi1                      
00001b65  initSystemClockTo40Mhz        
00001b6d  initSystemClockTo80Mhz        
00001549  initUart0                     
000013c3  isCommand                     
0000165d  kbhitUart0                    
00000de3  main                          
000019e9  memcpy                        
00001163  parseFields                   
00000c43  printCommandTable             
00000d95  processCommand                
00001601  putcUart0                     
000016dd  putfloatUart0                 
000017e5  puthex8Uart0                  
0000181d  puthexArrayUart0              
00001677  putintUart0                   
0000161d  putsUart0                     
000019c3  readSpi1Data                  
00000493  selectPinAnalogInput          
00000445  selectPinDigitalInput         
000007af  selectPinInterruptBothEdges   
0000075f  selectPinInterruptFallingEdge 
00000805  selectPinInterruptHighLevel   
0000083f  selectPinInterruptLowLevel    
0000070f  selectPinInterruptRisingEdge  
000003f7  selectPinOpenDrainOutput      
000003a9  selectPinPushPullOutput       
00000b6f  setHBridge                    
000005fd  setPinAuxFunction             
000004e3  setPinCommitControl           
000008e5  setPinValue                   
0000096d  setPortValue                  
00000b31  setServo                      
00001919  setSpi1BaudRate               
0000194f  setSpi1Mode                   
000015bd  setUart0BaudRate              
00001b89  strcmp                        
20000200  test                          
0000090b  togglePinValue                
000019ab  writeSpi1Data                 


GLOBAL SYMBOLS: SORTED BY Symbol Address 

address   name                          
-------   ----                          
00000000  __TI_static_base__            
00000000  g_pfnVectors                  
00000200  __STACK_SIZE                  
0000026d  enablePort                    
00000329  disablePort                   
000003a9  selectPinPushPullOutput       
000003f7  selectPinOpenDrainOutput      
00000445  selectPinDigitalInput         
00000493  selectPinAnalogInput          
000004e3  setPinCommitControl           
0000055f  enablePinPullup               
0000058d  disablePinPullup              
000005b1  enablePinPulldown             
000005d5  disablePinPulldown            
000005fd  setPinAuxFunction             
0000070f  selectPinInterruptRisingEdge  
0000075f  selectPinInterruptFallingEdge 
000007af  selectPinInterruptBothEdges   
00000805  selectPinInterruptHighLevel   
0000083f  selectPinInterruptLowLevel    
00000879  enablePinInterrupt            
0000089d  disablePinInterrupt           
000008c1  clearPinInterrupt             
000008e5  setPinValue                   
0000090b  togglePinValue                
0000092f  getPinValue                   
0000096d  setPortValue                  
000009e5  getPortValue                  
00000a75  initPWM                       
00000b31  setServo                      
00000b6f  setHBridge                    
00000bd9  initHardware                  
00000c43  printCommandTable             
00000cc1  handleDC                      
00000d59  handleServo                   
00000d95  processCommand                
00000de3  main                          
000010bd  getsUart0                     
00001163  parseFields                   
000012bd  getFieldString                
000012f5  getFieldInteger               
000013c3  isCommand                     
00001405  getFieldFloat                 
00001549  initUart0                     
000015bd  setUart0BaudRate              
00001601  putcUart0                     
0000161d  putsUart0                     
00001649  getcUart0                     
0000165d  kbhitUart0                    
00001677  putintUart0                   
000016dd  putfloatUart0                 
000017e5  puthex8Uart0                  
0000181d  puthexArrayUart0              
00001889  initSpi1                      
00001919  setSpi1BaudRate               
0000194f  setSpi1Mode                   
000019ab  writeSpi1Data                 
000019c3  readSpi1Data                  
000019e9  __aeabi_memcpy                
000019e9  __aeabi_memcpy4               
000019e9  __aeabi_memcpy8               
000019e9  memcpy                        
00001a85  __TI_decompress_lzss          
00001aed  __TI_auto_init_nobinit_nopinit
00001b31  _c_int00_noargs               
00001b65  initSystemClockTo40Mhz        
00001b6d  initSystemClockTo80Mhz        
00001b89  strcmp                        
00001ba1  __TI_decompress_none          
00001baf  ResetISR                      
00001bbb  _system_pre_init              
00001bbf  C$$EXIT                       
00001bbf  abort                         
00001bd8  __TI_Handler_Table_Base       
00001be0  __TI_Handler_Table_Limit      
00001be8  __TI_CINIT_Base               
00001bf0  __TI_CINIT_Limit              
20000000  __stack                       
20000000  __start___llvm_prf_cnts       
20000000  __stop___llvm_prf_cnts        
20000200  __STACK_END                   
20000200  __STACK_TOP                   
20000200  test                          
ffffffff  __TI_pprof_out_hndl           
ffffffff  __TI_prof_data_size           
ffffffff  __TI_prof_data_start          
ffffffff  __binit__                     
ffffffff  __c_args__                    
ffffffff  binit                         
UNDEFED   __mpu_init                    
UNDEFED   _system_post_cinit            

[91 symbols]
